Archive member included to satisfy reference by file (symbol)

c:/st/stm32cubeide_1.8.0/stm32cubeide/plugins/com.st.stm32cube.ide.mcu.externaltools.gnu-tools-for-stm32.9-2020-q2-update.win32_2.0.0.202105311346/tools/bin/../lib/gcc/arm-none-eabi/9.3.1/../../../../arm-none-eabi/lib/thumb/v7e-m+fp/hard\libc_nano.a(lib_a-errno.o)
                              ./Core/Src/syscalls.o (__errno)
c:/st/stm32cubeide_1.8.0/stm32cubeide/plugins/com.st.stm32cube.ide.mcu.externaltools.gnu-tools-for-stm32.9-2020-q2-update.win32_2.0.0.202105311346/tools/bin/../lib/gcc/arm-none-eabi/9.3.1/../../../../arm-none-eabi/lib/thumb/v7e-m+fp/hard\libc_nano.a(lib_a-exit.o)
                              c:/st/stm32cubeide_1.8.0/stm32cubeide/plugins/com.st.stm32cube.ide.mcu.externaltools.gnu-tools-for-stm32.9-2020-q2-update.win32_2.0.0.202105311346/tools/bin/../lib/gcc/arm-none-eabi/9.3.1/../../../../arm-none-eabi/lib/thumb/v7e-m+fp/hard/crt0.o (exit)
c:/st/stm32cubeide_1.8.0/stm32cubeide/plugins/com.st.stm32cube.ide.mcu.externaltools.gnu-tools-for-stm32.9-2020-q2-update.win32_2.0.0.202105311346/tools/bin/../lib/gcc/arm-none-eabi/9.3.1/../../../../arm-none-eabi/lib/thumb/v7e-m+fp/hard\libc_nano.a(lib_a-impure.o)
                              c:/st/stm32cubeide_1.8.0/stm32cubeide/plugins/com.st.stm32cube.ide.mcu.externaltools.gnu-tools-for-stm32.9-2020-q2-update.win32_2.0.0.202105311346/tools/bin/../lib/gcc/arm-none-eabi/9.3.1/../../../../arm-none-eabi/lib/thumb/v7e-m+fp/hard\libc_nano.a(lib_a-exit.o) (_global_impure_ptr)
c:/st/stm32cubeide_1.8.0/stm32cubeide/plugins/com.st.stm32cube.ide.mcu.externaltools.gnu-tools-for-stm32.9-2020-q2-update.win32_2.0.0.202105311346/tools/bin/../lib/gcc/arm-none-eabi/9.3.1/../../../../arm-none-eabi/lib/thumb/v7e-m+fp/hard\libc_nano.a(lib_a-init.o)
                              c:/st/stm32cubeide_1.8.0/stm32cubeide/plugins/com.st.stm32cube.ide.mcu.externaltools.gnu-tools-for-stm32.9-2020-q2-update.win32_2.0.0.202105311346/tools/bin/../lib/gcc/arm-none-eabi/9.3.1/../../../../arm-none-eabi/lib/thumb/v7e-m+fp/hard/crt0.o (__libc_init_array)
c:/st/stm32cubeide_1.8.0/stm32cubeide/plugins/com.st.stm32cube.ide.mcu.externaltools.gnu-tools-for-stm32.9-2020-q2-update.win32_2.0.0.202105311346/tools/bin/../lib/gcc/arm-none-eabi/9.3.1/../../../../arm-none-eabi/lib/thumb/v7e-m+fp/hard\libc_nano.a(lib_a-memcmp.o)
                              ./Core/Src/Throughput/throughput.o (memcmp)
c:/st/stm32cubeide_1.8.0/stm32cubeide/plugins/com.st.stm32cube.ide.mcu.externaltools.gnu-tools-for-stm32.9-2020-q2-update.win32_2.0.0.202105311346/tools/bin/../lib/gcc/arm-none-eabi/9.3.1/../../../../arm-none-eabi/lib/thumb/v7e-m+fp/hard\libc_nano.a(lib_a-memcpy-stub.o)
                              ./Core/Src/Throughput/throughput.o (memcpy)
c:/st/stm32cubeide_1.8.0/stm32cubeide/plugins/com.st.stm32cube.ide.mcu.externaltools.gnu-tools-for-stm32.9-2020-q2-update.win32_2.0.0.202105311346/tools/bin/../lib/gcc/arm-none-eabi/9.3.1/../../../../arm-none-eabi/lib/thumb/v7e-m+fp/hard\libc_nano.a(lib_a-memset.o)
                              c:/st/stm32cubeide_1.8.0/stm32cubeide/plugins/com.st.stm32cube.ide.mcu.externaltools.gnu-tools-for-stm32.9-2020-q2-update.win32_2.0.0.202105311346/tools/bin/../lib/gcc/arm-none-eabi/9.3.1/../../../../arm-none-eabi/lib/thumb/v7e-m+fp/hard/crt0.o (memset)
c:/st/stm32cubeide_1.8.0/stm32cubeide/plugins/com.st.stm32cube.ide.mcu.externaltools.gnu-tools-for-stm32.9-2020-q2-update.win32_2.0.0.202105311346/tools/bin/../lib/gcc/arm-none-eabi/9.3.1/thumb/v7e-m+fp/hard\libgcc.a(_aeabi_uldivmod.o)
                              ./Core/Src/Throughput/throughput.o (__aeabi_uldivmod)
c:/st/stm32cubeide_1.8.0/stm32cubeide/plugins/com.st.stm32cube.ide.mcu.externaltools.gnu-tools-for-stm32.9-2020-q2-update.win32_2.0.0.202105311346/tools/bin/../lib/gcc/arm-none-eabi/9.3.1/thumb/v7e-m+fp/hard\libgcc.a(_udivmoddi4.o)
                              c:/st/stm32cubeide_1.8.0/stm32cubeide/plugins/com.st.stm32cube.ide.mcu.externaltools.gnu-tools-for-stm32.9-2020-q2-update.win32_2.0.0.202105311346/tools/bin/../lib/gcc/arm-none-eabi/9.3.1/thumb/v7e-m+fp/hard\libgcc.a(_aeabi_uldivmod.o) (__udivmoddi4)
c:/st/stm32cubeide_1.8.0/stm32cubeide/plugins/com.st.stm32cube.ide.mcu.externaltools.gnu-tools-for-stm32.9-2020-q2-update.win32_2.0.0.202105311346/tools/bin/../lib/gcc/arm-none-eabi/9.3.1/thumb/v7e-m+fp/hard\libgcc.a(_dvmd_tls.o)
                              c:/st/stm32cubeide_1.8.0/stm32cubeide/plugins/com.st.stm32cube.ide.mcu.externaltools.gnu-tools-for-stm32.9-2020-q2-update.win32_2.0.0.202105311346/tools/bin/../lib/gcc/arm-none-eabi/9.3.1/thumb/v7e-m+fp/hard\libgcc.a(_aeabi_uldivmod.o) (__aeabi_ldiv0)

Allocating common symbols
Common symbol       size              file

hdma_memtomem_dma2_stream0
                    0x60              ./Core/Src/dma.o
uwTick              0x4               ./Drivers/STM32F4xx_HAL_Driver/Src/stm32f4xx_hal.o
pFlash              0x20              ./Drivers/STM32F4xx_HAL_Driver/Src/stm32f4xx_hal_flash.o
[...]
Memory Configuration

Name             Origin             Length             Attributes
RAM              0x0000000020000000 0x000000000001c000 xrw
FLASH            0x0000000008000000 0x0000000000080000 xr
*default*        0x0000000000000000 0xffffffffffffffff

Linker script and memory map

LOAD c:/st/stm32cubeide_1.8.0/stm32cubeide/plugins/com.st.stm32cube.ide.mcu.externaltools.gnu-tools-for-stm32.9-2020-q2-update.win32_2.0.0.202105311346/tools/bin/../lib/gcc/arm-none-eabi/9.3.1/thumb/v7e-m+fp/hard/crti.o
LOAD c:/st/stm32cubeide_1.8.0/stm32cubeide/plugins/com.st.stm32cube.ide.mcu.externaltools.gnu-tools-for-stm32.9-2020-q2-update.win32_2.0.0.202105311346/tools/bin/../lib/gcc/arm-none-eabi/9.3.1/thumb/v7e-m+fp/hard/crtbegin.o
LOAD c:/st/stm32cubeide_1.8.0/stm32cubeide/plugins/com.st.stm32cube.ide.mcu.externaltools.gnu-tools-for-stm32.9-2020-q2-update.win32_2.0.0.202105311346/tools/bin/../lib/gcc/arm-none-eabi/9.3.1/../../../../arm-none-eabi/lib/thumb/v7e-m+fp/hard/crt0.o
LOAD ./Core/Src/Throughput/tester_dma.o
LOAD ./Core/Src/Throughput/throughput.o
LOAD ./Core/Src/dma.o
LOAD ./Core/Src/gpio.o
LOAD ./Core/Src/main.o
LOAD ./Core/Src/stm32f4xx_hal_msp.o
LOAD ./Core/Src/stm32f4xx_it.o
LOAD ./Core/Src/syscalls.o
LOAD ./Core/Src/sysmem.o
LOAD ./Core/Src/system_stm32f4xx.o
LOAD ./Core/Startup/startup_stm32f446retx.o
LOAD ./Drivers/STM32F4xx_HAL_Driver/Src/stm32f4xx_hal.o
LOAD ./Drivers/STM32F4xx_HAL_Driver/Src/stm32f4xx_hal_cortex.o
LOAD ./Drivers/STM32F4xx_HAL_Driver/Src/stm32f4xx_hal_dma.o
LOAD ./Drivers/STM32F4xx_HAL_Driver/Src/stm32f4xx_hal_dma_ex.o
LOAD ./Drivers/STM32F4xx_HAL_Driver/Src/stm32f4xx_hal_exti.o
LOAD ./Drivers/STM32F4xx_HAL_Driver/Src/stm32f4xx_hal_flash.o
LOAD ./Drivers/STM32F4xx_HAL_Driver/Src/stm32f4xx_hal_flash_ex.o
LOAD ./Drivers/STM32F4xx_HAL_Driver/Src/stm32f4xx_hal_flash_ramfunc.o
LOAD ./Drivers/STM32F4xx_HAL_Driver/Src/stm32f4xx_hal_gpio.o
LOAD ./Drivers/STM32F4xx_HAL_Driver/Src/stm32f4xx_hal_pwr.o
LOAD ./Drivers/STM32F4xx_HAL_Driver/Src/stm32f4xx_hal_pwr_ex.o
LOAD ./Drivers/STM32F4xx_HAL_Driver/Src/stm32f4xx_hal_rcc.o
LOAD ./Drivers/STM32F4xx_HAL_Driver/Src/stm32f4xx_hal_rcc_ex.o
LOAD ./Drivers/STM32F4xx_HAL_Driver/Src/stm32f4xx_hal_tim.o
LOAD ./Drivers/STM32F4xx_HAL_Driver/Src/stm32f4xx_hal_tim_ex.o
LOAD ./Modules/stm32f4xx-hal-common/common.o
LOAD ./Modules/stm32f4xx-hal-led-module/led.o
START GROUP
LOAD c:/st/stm32cubeide_1.8.0/stm32cubeide/plugins/com.st.stm32cube.ide.mcu.externaltools.gnu-tools-for-stm32.9-2020-q2-update.win32_2.0.0.202105311346/tools/bin/../lib/gcc/arm-none-eabi/9.3.1/../../../../arm-none-eabi/lib/thumb/v7e-m+fp/hard\libc_nano.a
LOAD c:/st/stm32cubeide_1.8.0/stm32cubeide/plugins/com.st.stm32cube.ide.mcu.externaltools.gnu-tools-for-stm32.9-2020-q2-update.win32_2.0.0.202105311346/tools/bin/../lib/gcc/arm-none-eabi/9.3.1/../../../../arm-none-eabi/lib/thumb/v7e-m+fp/hard\libm.a
END GROUP
START GROUP
LOAD c:/st/stm32cubeide_1.8.0/stm32cubeide/plugins/com.st.stm32cube.ide.mcu.externaltools.gnu-tools-for-stm32.9-2020-q2-update.win32_2.0.0.202105311346/tools/bin/../lib/gcc/arm-none-eabi/9.3.1/thumb/v7e-m+fp/hard\libgcc.a
LOAD c:/st/stm32cubeide_1.8.0/stm32cubeide/plugins/com.st.stm32cube.ide.mcu.externaltools.gnu-tools-for-stm32.9-2020-q2-update.win32_2.0.0.202105311346/tools/bin/../lib/gcc/arm-none-eabi/9.3.1/../../../../arm-none-eabi/lib/thumb/v7e-m+fp/hard\libc_nano.a
END GROUP
START GROUP
LOAD c:/st/stm32cubeide_1.8.0/stm32cubeide/plugins/com.st.stm32cube.ide.mcu.externaltools.gnu-tools-for-stm32.9-2020-q2-update.win32_2.0.0.202105311346/tools/bin/../lib/gcc/arm-none-eabi/9.3.1/thumb/v7e-m+fp/hard\libgcc.a
LOAD c:/st/stm32cubeide_1.8.0/stm32cubeide/plugins/com.st.stm32cube.ide.mcu.externaltools.gnu-tools-for-stm32.9-2020-q2-update.win32_2.0.0.202105311346/tools/bin/../lib/gcc/arm-none-eabi/9.3.1/../../../../arm-none-eabi/lib/thumb/v7e-m+fp/hard\libc_nano.a
LOAD c:/st/stm32cubeide_1.8.0/stm32cubeide/plugins/com.st.stm32cube.ide.mcu.externaltools.gnu-tools-for-stm32.9-2020-q2-update.win32_2.0.0.202105311346/tools/bin/../lib/gcc/arm-none-eabi/9.3.1/../../../../arm-none-eabi/lib/thumb/v7e-m+fp/hard\libnosys.a
END GROUP
START GROUP
LOAD c:/st/stm32cubeide_1.8.0/stm32cubeide/plugins/com.st.stm32cube.ide.mcu.externaltools.gnu-tools-for-stm32.9-2020-q2-update.win32_2.0.0.202105311346/tools/bin/../lib/gcc/arm-none-eabi/9.3.1/thumb/v7e-m+fp/hard\libgcc.a
LOAD c:/st/stm32cubeide_1.8.0/stm32cubeide/plugins/com.st.stm32cube.ide.mcu.externaltools.gnu-tools-for-stm32.9-2020-q2-update.win32_2.0.0.202105311346/tools/bin/../lib/gcc/arm-none-eabi/9.3.1/../../../../arm-none-eabi/lib/thumb/v7e-m+fp/hard\libc_nano.a
LOAD c:/st/stm32cubeide_1.8.0/stm32cubeide/plugins/com.st.stm32cube.ide.mcu.externaltools.gnu-tools-for-stm32.9-2020-q2-update.win32_2.0.0.202105311346/tools/bin/../lib/gcc/arm-none-eabi/9.3.1/../../../../arm-none-eabi/lib/thumb/v7e-m+fp/hard\libnosys.a
END GROUP
LOAD c:/st/stm32cubeide_1.8.0/stm32cubeide/plugins/com.st.stm32cube.ide.mcu.externaltools.gnu-tools-for-stm32.9-2020-q2-update.win32_2.0.0.202105311346/tools/bin/../lib/gcc/arm-none-eabi/9.3.1/thumb/v7e-m+fp/hard/crtend.o
LOAD c:/st/stm32cubeide_1.8.0/stm32cubeide/plugins/com.st.stm32cube.ide.mcu.externaltools.gnu-tools-for-stm32.9-2020-q2-update.win32_2.0.0.202105311346/tools/bin/../lib/gcc/arm-none-eabi/9.3.1/thumb/v7e-m+fp/hard/crtn.o
                0x000000002001c000                _estack = (ORIGIN (RAM) + LENGTH (RAM))
                0x0000000000000200                _Min_Heap_Size = 0x200
                0x0000000000000400                _Min_Stack_Size = 0x400

.isr_vector     0x0000000008000000      0x1c4
                0x0000000008000000                . = ALIGN (0x4)
 *(.isr_vector)
 .isr_vector    0x0000000008000000      0x1c4 ./Core/Startup/startup_stm32f446retx.o
                0x0000000008000000                g_pfnVectors
                0x00000000080001c4                . = ALIGN (0x4)

.text           0x00000000080001c4     0x355c
                0x00000000080001c4                . = ALIGN (0x4)
 *(.text)
 .text          0x00000000080001c4       0x40 c:/st/stm32cubeide_1.8.0/stm32cubeide/plugins/com.st.stm32cube.ide.mcu.externaltools.gnu-tools-for-stm32.9-2020-q2-update.win32_2.0.0.202105311346/tools/bin/../lib/gcc/arm-none-eabi/9.3.1/thumb/v7e-m+fp/hard/crtbegin.o
 .text          0x0000000008000204       0x30 c:/st/stm32cubeide_1.8.0/stm32cubeide/plugins/com.st.stm32cube.ide.mcu.externaltools.gnu-tools-for-stm32.9-2020-q2-update.win32_2.0.0.202105311346/tools/bin/../lib/gcc/arm-none-eabi/9.3.1/thumb/v7e-m+fp/hard\libgcc.a(_aeabi_uldivmod.o)
                0x0000000008000204                __aeabi_uldivmod
 .text          0x0000000008000234      0x2c4 c:/st/stm32cubeide_1.8.0/stm32cubeide/plugins/com.st.stm32cube.ide.mcu.externaltools.gnu-tools-for-stm32.9-2020-q2-update.win32_2.0.0.202105311346/tools/bin/../lib/gcc/arm-none-eabi/9.3.1/thumb/v7e-m+fp/hard\libgcc.a(_udivmoddi4.o)
                0x0000000008000234                __udivmoddi4
 .text          0x00000000080004f8        0x4 c:/st/stm32cubeide_1.8.0/stm32cubeide/plugins/com.st.stm32cube.ide.mcu.externaltools.gnu-tools-for-stm32.9-2020-q2-update.win32_2.0.0.202105311346/tools/bin/../lib/gcc/arm-none-eabi/9.3.1/thumb/v7e-m+fp/hard\libgcc.a(_dvmd_tls.o)
                0x00000000080004f8                __aeabi_idiv0
                0x00000000080004f8                __aeabi_ldiv0
 *(.text*)
 .text.TS_DMA_Init
                0x00000000080004fc       0x30 ./Core/Src/Throughput/tester_dma.o
                0x00000000080004fc                TS_DMA_Init
 .text.TS_DMA_Transfer
                0x000000000800052c       0x44 ./Core/Src/Throughput/tester_dma.o
                0x000000000800052c                TS_DMA_Transfer
 .text.TS_DMA_ResetFlags
                0x0000000008000570       0x24 ./Core/Src/Throughput/tester_dma.o
                0x0000000008000570                TS_DMA_ResetFlags
 .text.TS_DMA_byte
                0x0000000008000594       0x30 ./Core/Src/Throughput/tester_dma.o
                0x0000000008000594                TS_DMA_byte
 .text.TS_DMA_halfword
                0x00000000080005c4       0x34 ./Core/Src/Throughput/tester_dma.o
                0x00000000080005c4                TS_DMA_halfword
 .text.TS_DMA_word
                0x00000000080005f8       0x34 ./Core/Src/Throughput/tester_dma.o
                0x00000000080005f8                TS_DMA_word
 .text.TS_DMA_byte_fifo
                0x000000000800062c       0x48 ./Core/Src/Throughput/tester_dma.o
                0x000000000800062c                TS_DMA_byte_fifo
 .text.TS_DMA_halfword_fifo
                0x0000000008000674       0x4c ./Core/Src/Throughput/tester_dma.o
                0x0000000008000674                TS_DMA_halfword_fifo
 .text.TS_DMA_word_fifo
                0x00000000080006c0       0x4c ./Core/Src/Throughput/tester_dma.o
                0x00000000080006c0                TS_DMA_word_fifo
 .text.TS_DMA_byte_fifo_inc4
                0x000000000800070c       0x4c ./Core/Src/Throughput/tester_dma.o
                0x000000000800070c                TS_DMA_byte_fifo_inc4
 .text.TS_DMA_byte_fifo_inc8
                0x0000000008000758       0x4c ./Core/Src/Throughput/tester_dma.o
                0x0000000008000758                TS_DMA_byte_fifo_inc8
 .text.TS_DMA_byte_fifo_inc16
                0x00000000080007a4       0x4c ./Core/Src/Throughput/tester_dma.o
                0x00000000080007a4                TS_DMA_byte_fifo_inc16
 .text.TS_DMA_halfword_fifo_inc4
                0x00000000080007f0       0x50 ./Core/Src/Throughput/tester_dma.o
                0x00000000080007f0                TS_DMA_halfword_fifo_inc4
 .text.TS_DMA_halfword_fifo_inc8
                0x0000000008000840       0x50 ./Core/Src/Throughput/tester_dma.o
                0x0000000008000840                TS_DMA_halfword_fifo_inc8
 .text.TS_DMA_word_fifo_inc4
                0x0000000008000890       0x50 ./Core/Src/Throughput/tester_dma.o
                0x0000000008000890                TS_DMA_word_fifo_inc4
 .text._TransferComplete
                0x00000000080008e0       0x20 ./Core/Src/Throughput/tester_dma.o
 .text._TransferError
                0x0000000008000900       0x20 ./Core/Src/Throughput/tester_dma.o
 .text.DWT_Init
                0x0000000008000920       0x34 ./Core/Src/Throughput/throughput.o
 .text.DWT_DeInit
                0x0000000008000954       0x34 ./Core/Src/Throughput/throughput.o
 .text.DWT_GetCounter
                0x0000000008000988       0x18 ./Core/Src/Throughput/throughput.o
 .text.Throughput_Init
                0x00000000080009a0       0xc8 ./Core/Src/Throughput/throughput.o
                0x00000000080009a0                Throughput_Init
 .text.Throughput_Test
                0x0000000008000a68       0xa0 ./Core/Src/Throughput/throughput.o
                0x0000000008000a68                Throughput_Test
 .text._test    0x0000000008000b08       0x90 ./Core/Src/Throughput/throughput.o
 .text._average
                0x0000000008000b98       0x2c ./Core/Src/Throughput/throughput.o
 .text._flush   0x0000000008000bc4       0x2e ./Core/Src/Throughput/throughput.o
 *fill*         0x0000000008000bf2        0x2 
 .text._register_tester
                0x0000000008000bf4       0x40 ./Core/Src/Throughput/throughput.o
 .text._memcpy_transfer
                0x0000000008000c34       0x22 ./Core/Src/Throughput/throughput.o
 *fill*         0x0000000008000c56        0x2 
 .text.MX_DMA_Init
                0x0000000008000c58       0xa8 ./Core/Src/dma.o
                0x0000000008000c58                MX_DMA_Init
 .text.MX_GPIO_Init
                0x0000000008000d00       0xb8 ./Core/Src/gpio.o
                0x0000000008000d00                MX_GPIO_Init
 .text.main     0x0000000008000db8       0x4c ./Core/Src/main.o
                0x0000000008000db8                main
 .text.SystemClock_Config
                0x0000000008000e04       0xe4 ./Core/Src/main.o
                0x0000000008000e04                SystemClock_Config
 .text.Error_Handler
                0x0000000008000ee8        0xa ./Core/Src/main.o
                0x0000000008000ee8                Error_Handler
 .text.assert_failed
                0x0000000008000ef2       0x16 ./Core/Src/main.o
                0x0000000008000ef2                assert_failed
 .text.HAL_MspInit
                0x0000000008000f08       0x50 ./Core/Src/stm32f4xx_hal_msp.o
                0x0000000008000f08                HAL_MspInit
 .text.NMI_Handler
                0x0000000008000f58        0x6 ./Core/Src/stm32f4xx_it.o
                0x0000000008000f58                NMI_Handler
 .text.HardFault_Handler
                0x0000000008000f5e        0x6 ./Core/Src/stm32f4xx_it.o
                0x0000000008000f5e                HardFault_Handler
 .text.MemManage_Handler
                0x0000000008000f64        0x6 ./Core/Src/stm32f4xx_it.o
                0x0000000008000f64                MemManage_Handler
 .text.BusFault_Handler
                0x0000000008000f6a        0x6 ./Core/Src/stm32f4xx_it.o
                0x0000000008000f6a                BusFault_Handler
 .text.UsageFault_Handler
                0x0000000008000f70        0x6 ./Core/Src/stm32f4xx_it.o
                0x0000000008000f70                UsageFault_Handler
 .text.SVC_Handler
                0x0000000008000f76        0xe ./Core/Src/stm32f4xx_it.o
                0x0000000008000f76                SVC_Handler
 .text.DebugMon_Handler
                0x0000000008000f84        0xe ./Core/Src/stm32f4xx_it.o
                0x0000000008000f84                DebugMon_Handler
 .text.PendSV_Handler
                0x0000000008000f92        0xe ./Core/Src/stm32f4xx_it.o
                0x0000000008000f92                PendSV_Handler
 .text.SysTick_Handler
                0x0000000008000fa0        0xc ./Core/Src/stm32f4xx_it.o
                0x0000000008000fa0                SysTick_Handler
 .text.DMA2_Stream0_IRQHandler
                0x0000000008000fac       0x14 ./Core/Src/stm32f4xx_it.o
                0x0000000008000fac                DMA2_Stream0_IRQHandler
 .text.SystemInit
                0x0000000008000fc0       0x24 ./Core/Src/system_stm32f4xx.o
                0x0000000008000fc0                SystemInit
 .text.Reset_Handler
                0x0000000008000fe4       0x50 ./Core/Startup/startup_stm32f446retx.o
                0x0000000008000fe4                Reset_Handler
 .text.Default_Handler
                0x0000000008001034        0x2 ./Core/Startup/startup_stm32f446retx.o
                0x0000000008001034                RTC_Alarm_IRQHandler
                0x0000000008001034                EXTI2_IRQHandler
                0x0000000008001034                TIM8_CC_IRQHandler
                0x0000000008001034                FMPI2C1_EV_IRQHandler
                0x0000000008001034                SPI4_IRQHandler
                0x0000000008001034                TIM1_CC_IRQHandler
                0x0000000008001034                DMA2_Stream5_IRQHandler
                0x0000000008001034                DMA1_Stream5_IRQHandler
                0x0000000008001034                PVD_IRQHandler
                0x0000000008001034                SDIO_IRQHandler
                0x0000000008001034                TAMP_STAMP_IRQHandler
                0x0000000008001034                CAN2_RX1_IRQHandler
                0x0000000008001034                EXTI3_IRQHandler
                0x0000000008001034                TIM8_TRG_COM_TIM14_IRQHandler
                0x0000000008001034                TIM1_UP_TIM10_IRQHandler
                0x0000000008001034                TIM8_UP_TIM13_IRQHandler
                0x0000000008001034                I2C3_ER_IRQHandler
                0x0000000008001034                EXTI0_IRQHandler
                0x0000000008001034                I2C2_EV_IRQHandler
                0x0000000008001034                DMA1_Stream2_IRQHandler
                0x0000000008001034                CAN1_RX0_IRQHandler
                0x0000000008001034                FPU_IRQHandler
                0x0000000008001034                OTG_HS_WKUP_IRQHandler
                0x0000000008001034                CAN2_SCE_IRQHandler
                0x0000000008001034                DMA2_Stream2_IRQHandler
                0x0000000008001034                SPI1_IRQHandler
                0x0000000008001034                TIM6_DAC_IRQHandler
                0x0000000008001034                TIM1_BRK_TIM9_IRQHandler
                0x0000000008001034                DCMI_IRQHandler
                0x0000000008001034                CAN2_RX0_IRQHandler
                0x0000000008001034                DMA2_Stream3_IRQHandler
                0x0000000008001034                SAI2_IRQHandler
                0x0000000008001034                USART6_IRQHandler
                0x0000000008001034                USART3_IRQHandler
                0x0000000008001034                CAN1_RX1_IRQHandler
                0x0000000008001034                UART5_IRQHandler
                0x0000000008001034                TIM4_IRQHandler
                0x0000000008001034                QUADSPI_IRQHandler
                0x0000000008001034                I2C1_EV_IRQHandler
                0x0000000008001034                DMA1_Stream6_IRQHandler
                0x0000000008001034                DMA1_Stream1_IRQHandler
                0x0000000008001034                UART4_IRQHandler
                0x0000000008001034                TIM3_IRQHandler
                0x0000000008001034                RCC_IRQHandler
                0x0000000008001034                TIM8_BRK_TIM12_IRQHandler
                0x0000000008001034                Default_Handler
                0x0000000008001034                CEC_IRQHandler
                0x0000000008001034                EXTI15_10_IRQHandler
                0x0000000008001034                ADC_IRQHandler
                0x0000000008001034                DMA1_Stream7_IRQHandler
                0x0000000008001034                TIM7_IRQHandler
                0x0000000008001034                CAN2_TX_IRQHandler
                0x0000000008001034                TIM5_IRQHandler
                0x0000000008001034                DMA2_Stream7_IRQHandler
                0x0000000008001034                I2C3_EV_IRQHandler
                0x0000000008001034                EXTI9_5_IRQHandler
                0x0000000008001034                RTC_WKUP_IRQHandler
                0x0000000008001034                SPDIF_RX_IRQHandler
                0x0000000008001034                SPI2_IRQHandler
                0x0000000008001034                OTG_HS_EP1_IN_IRQHandler
                0x0000000008001034                DMA1_Stream0_IRQHandler
                0x0000000008001034                CAN1_TX_IRQHandler
                0x0000000008001034                FMPI2C1_ER_IRQHandler
                0x0000000008001034                EXTI4_IRQHandler
                0x0000000008001034                OTG_HS_EP1_OUT_IRQHandler
                0x0000000008001034                WWDG_IRQHandler
                0x0000000008001034                TIM2_IRQHandler
                0x0000000008001034                OTG_FS_WKUP_IRQHandler
                0x0000000008001034                TIM1_TRG_COM_TIM11_IRQHandler
                0x0000000008001034                OTG_HS_IRQHandler
                0x0000000008001034                EXTI1_IRQHandler
                0x0000000008001034                USART2_IRQHandler
                0x0000000008001034                I2C2_ER_IRQHandler
                0x0000000008001034                DMA2_Stream1_IRQHandler
                0x0000000008001034                CAN1_SCE_IRQHandler
                0x0000000008001034                FLASH_IRQHandler
                0x0000000008001034                DMA2_Stream4_IRQHandler
                0x0000000008001034                USART1_IRQHandler
                0x0000000008001034                OTG_FS_IRQHandler
                0x0000000008001034                SPI3_IRQHandler
                0x0000000008001034                DMA1_Stream4_IRQHandler
                0x0000000008001034                I2C1_ER_IRQHandler
                0x0000000008001034                FMC_IRQHandler
                0x0000000008001034                DMA2_Stream6_IRQHandler
                0x0000000008001034                SAI1_IRQHandler
                0x0000000008001034                DMA1_Stream3_IRQHandler
 *fill*         0x0000000008001036        0x2 
 .text.HAL_Init
                0x0000000008001038       0x44 ./Drivers/STM32F4xx_HAL_Driver/Src/stm32f4xx_hal.o
                0x0000000008001038                HAL_Init
 .text.HAL_InitTick
                0x000000000800107c       0x60 ./Drivers/STM32F4xx_HAL_Driver/Src/stm32f4xx_hal.o
                0x000000000800107c                HAL_InitTick
 .text.HAL_IncTick
                0x00000000080010dc       0x28 ./Drivers/STM32F4xx_HAL_Driver/Src/stm32f4xx_hal.o
                0x00000000080010dc                HAL_IncTick
 .text.HAL_GetTick
                0x0000000008001104       0x18 ./Drivers/STM32F4xx_HAL_Driver/Src/stm32f4xx_hal.o
                0x0000000008001104                HAL_GetTick
 .text.HAL_Delay
                0x000000000800111c       0x48 ./Drivers/STM32F4xx_HAL_Driver/Src/stm32f4xx_hal.o
                0x000000000800111c                HAL_Delay
 .text.__NVIC_SetPriorityGrouping
                0x0000000008001164       0x48 ./Drivers/STM32F4xx_HAL_Driver/Src/stm32f4xx_hal_cortex.o
 .text.__NVIC_GetPriorityGrouping
                0x00000000080011ac       0x1c ./Drivers/STM32F4xx_HAL_Driver/Src/stm32f4xx_hal_cortex.o
 .text.__NVIC_EnableIRQ
                0x00000000080011c8       0x3c ./Drivers/STM32F4xx_HAL_Driver/Src/stm32f4xx_hal_cortex.o
 .text.__NVIC_SetPriority
                0x0000000008001204       0x54 ./Drivers/STM32F4xx_HAL_Driver/Src/stm32f4xx_hal_cortex.o
 .text.NVIC_EncodePriority
                0x0000000008001258       0x66 ./Drivers/STM32F4xx_HAL_Driver/Src/stm32f4xx_hal_cortex.o
 *fill*         0x00000000080012be        0x2 
 .text.SysTick_Config
                0x00000000080012c0       0x44 ./Drivers/STM32F4xx_HAL_Driver/Src/stm32f4xx_hal_cortex.o
 .text.HAL_NVIC_SetPriorityGrouping
                0x0000000008001304       0x40 ./Drivers/STM32F4xx_HAL_Driver/Src/stm32f4xx_hal_cortex.o
                0x0000000008001304                HAL_NVIC_SetPriorityGrouping
 .text.HAL_NVIC_SetPriority
                0x0000000008001344       0x58 ./Drivers/STM32F4xx_HAL_Driver/Src/stm32f4xx_hal_cortex.o
                0x0000000008001344                HAL_NVIC_SetPriority
 .text.HAL_NVIC_EnableIRQ
                0x000000000800139c       0x30 ./Drivers/STM32F4xx_HAL_Driver/Src/stm32f4xx_hal_cortex.o
                0x000000000800139c                HAL_NVIC_EnableIRQ
 .text.HAL_SYSTICK_Config
                0x00000000080013cc       0x18 ./Drivers/STM32F4xx_HAL_Driver/Src/stm32f4xx_hal_cortex.o
                0x00000000080013cc                HAL_SYSTICK_Config
 .text.HAL_DMA_Init
                0x00000000080013e4      0x438 ./Drivers/STM32F4xx_HAL_Driver/Src/stm32f4xx_hal_dma.o
                0x00000000080013e4                HAL_DMA_Init
 .text.HAL_DMA_Start_IT
                0x000000000800181c       0xcc ./Drivers/STM32F4xx_HAL_Driver/Src/stm32f4xx_hal_dma.o
                0x000000000800181c                HAL_DMA_Start_IT
 .text.HAL_DMA_IRQHandler
                0x00000000080018e8      0x314 ./Drivers/STM32F4xx_HAL_Driver/Src/stm32f4xx_hal_dma.o
                0x00000000080018e8                HAL_DMA_IRQHandler
 .text.HAL_DMA_RegisterCallback
                0x0000000008001bfc       0xa8 ./Drivers/STM32F4xx_HAL_Driver/Src/stm32f4xx_hal_dma.o
                0x0000000008001bfc                HAL_DMA_RegisterCallback
 .text.DMA_SetConfig
                0x0000000008001ca4       0x5c ./Drivers/STM32F4xx_HAL_Driver/Src/stm32f4xx_hal_dma.o
 .text.DMA_CalcBaseAndBitshift
                0x0000000008001d00       0x6c ./Drivers/STM32F4xx_HAL_Driver/Src/stm32f4xx_hal_dma.o
 .text.DMA_CheckFifoParam
                0x0000000008001d6c       0xf8 ./Drivers/STM32F4xx_HAL_Driver/Src/stm32f4xx_hal_dma.o
 .text.HAL_GPIO_Init
                0x0000000008001e64      0x648 ./Drivers/STM32F4xx_HAL_Driver/Src/stm32f4xx_hal_gpio.o
                0x0000000008001e64                HAL_GPIO_Init
 .text.HAL_GPIO_WritePin
                0x00000000080024ac       0x64 ./Drivers/STM32F4xx_HAL_Driver/Src/stm32f4xx_hal_gpio.o
                0x00000000080024ac                HAL_GPIO_WritePin
 .text.HAL_PWREx_EnableOverDrive
                0x0000000008002510       0xa0 ./Drivers/STM32F4xx_HAL_Driver/Src/stm32f4xx_hal_pwr_ex.o
                0x0000000008002510                HAL_PWREx_EnableOverDrive
 .text.HAL_RCC_ClockConfig
                0x00000000080025b0      0x34c ./Drivers/STM32F4xx_HAL_Driver/Src/stm32f4xx_hal_rcc.o
                0x00000000080025b0                HAL_RCC_ClockConfig
 .text.HAL_RCC_GetSysClockFreq
                0x00000000080028fc      0x364 ./Drivers/STM32F4xx_HAL_Driver/Src/stm32f4xx_hal_rcc_ex.o
                0x00000000080028fc                HAL_RCC_GetSysClockFreq
 .text.HAL_RCC_OscConfig
                0x0000000008002c60      0x6bc ./Drivers/STM32F4xx_HAL_Driver/Src/stm32f4xx_hal_rcc_ex.o
                0x0000000008002c60                HAL_RCC_OscConfig
 .text.CMN_PortEnableClock
                0x000000000800331c      0x1b0 ./Modules/stm32f4xx-hal-common/common.o
                0x000000000800331c                CMN_PortEnableClock
 .text.LED_Init
                0x00000000080034cc      0x118 ./Modules/stm32f4xx-hal-led-module/led.o
                0x00000000080034cc                LED_Init
 .text.LED_SetActiveMode
                0x00000000080035e4       0x38 ./Modules/stm32f4xx-hal-led-module/led.o
                0x00000000080035e4                LED_SetActiveMode
 .text.LED_Write
                0x000000000800361c       0x5c ./Modules/stm32f4xx-hal-led-module/led.o
                0x000000000800361c                LED_Write
 .text.__libc_init_array
                0x0000000008003678       0x48 c:/st/stm32cubeide_1.8.0/stm32cubeide/plugins/com.st.stm32cube.ide.mcu.externaltools.gnu-tools-for-stm32.9-2020-q2-update.win32_2.0.0.202105311346/tools/bin/../lib/gcc/arm-none-eabi/9.3.1/../../../../arm-none-eabi/lib/thumb/v7e-m+fp/hard\libc_nano.a(lib_a-init.o)
                0x0000000008003678                __libc_init_array
 .text.memcmp   0x00000000080036c0       0x1c c:/st/stm32cubeide_1.8.0/stm32cubeide/plugins/com.st.stm32cube.ide.mcu.externaltools.gnu-tools-for-stm32.9-2020-q2-update.win32_2.0.0.202105311346/tools/bin/../lib/gcc/arm-none-eabi/9.3.1/../../../../arm-none-eabi/lib/thumb/v7e-m+fp/hard\libc_nano.a(lib_a-memcmp.o)
                0x00000000080036c0                memcmp
 .text.memcpy   0x00000000080036dc       0x1c c:/st/stm32cubeide_1.8.0/stm32cubeide/plugins/com.st.stm32cube.ide.mcu.externaltools.gnu-tools-for-stm32.9-2020-q2-update.win32_2.0.0.202105311346/tools/bin/../lib/gcc/arm-none-eabi/9.3.1/../../../../arm-none-eabi/lib/thumb/v7e-m+fp/hard\libc_nano.a(lib_a-memcpy-stub.o)
                0x00000000080036dc                memcpy
 .text.memset   0x00000000080036f8       0x10 c:/st/stm32cubeide_1.8.0/stm32cubeide/plugins/com.st.stm32cube.ide.mcu.externaltools.gnu-tools-for-stm32.9-2020-q2-update.win32_2.0.0.202105311346/tools/bin/../lib/gcc/arm-none-eabi/9.3.1/../../../../arm-none-eabi/lib/thumb/v7e-m+fp/hard\libc_nano.a(lib_a-memset.o)
                0x00000000080036f8                memset
 *(.glue_7)
 .glue_7        0x0000000008003708        0x0 linker stubs
 *(.glue_7t)
 .glue_7t       0x0000000008003708        0x0 linker stubs
 *(.eh_frame)
 .eh_frame      0x0000000008003708        0x0 c:/st/stm32cubeide_1.8.0/stm32cubeide/plugins/com.st.stm32cube.ide.mcu.externaltools.gnu-tools-for-stm32.9-2020-q2-update.win32_2.0.0.202105311346/tools/bin/../lib/gcc/arm-none-eabi/9.3.1/thumb/v7e-m+fp/hard/crtbegin.o
 *(.init)
 .init          0x0000000008003708        0x4 c:/st/stm32cubeide_1.8.0/stm32cubeide/plugins/com.st.stm32cube.ide.mcu.externaltools.gnu-tools-for-stm32.9-2020-q2-update.win32_2.0.0.202105311346/tools/bin/../lib/gcc/arm-none-eabi/9.3.1/thumb/v7e-m+fp/hard/crti.o
                0x0000000008003708                _init
 .init          0x000000000800370c        0x8 c:/st/stm32cubeide_1.8.0/stm32cubeide/plugins/com.st.stm32cube.ide.mcu.externaltools.gnu-tools-for-stm32.9-2020-q2-update.win32_2.0.0.202105311346/tools/bin/../lib/gcc/arm-none-eabi/9.3.1/thumb/v7e-m+fp/hard/crtn.o
 *(.fini)
 .fini          0x0000000008003714        0x4 c:/st/stm32cubeide_1.8.0/stm32cubeide/plugins/com.st.stm32cube.ide.mcu.externaltools.gnu-tools-for-stm32.9-2020-q2-update.win32_2.0.0.202105311346/tools/bin/../lib/gcc/arm-none-eabi/9.3.1/thumb/v7e-m+fp/hard/crti.o
                0x0000000008003714                _fini
 .fini          0x0000000008003718        0x8 c:/st/stm32cubeide_1.8.0/stm32cubeide/plugins/com.st.stm32cube.ide.mcu.externaltools.gnu-tools-for-stm32.9-2020-q2-update.win32_2.0.0.202105311346/tools/bin/../lib/gcc/arm-none-eabi/9.3.1/thumb/v7e-m+fp/hard/crtn.o
                0x0000000008003720                . = ALIGN (0x4)
                0x0000000008003720                _etext = .

.vfp11_veneer   0x0000000008003720        0x0
 .vfp11_veneer  0x0000000008003720        0x0 linker stubs

.v4_bx          0x0000000008003720        0x0
 .v4_bx         0x0000000008003720        0x0 linker stubs

.iplt           0x0000000008003720        0x0
 .iplt          0x0000000008003720        0x0 c:/st/stm32cubeide_1.8.0/stm32cubeide/plugins/com.st.stm32cube.ide.mcu.externaltools.gnu-tools-for-stm32.9-2020-q2-update.win32_2.0.0.202105311346/tools/bin/../lib/gcc/arm-none-eabi/9.3.1/thumb/v7e-m+fp/hard/crtbegin.o

.rodata         0x0000000008003720      0x194
                0x0000000008003720                . = ALIGN (0x4)
 *(.rodata)
 .rodata        0x0000000008003720       0x3b ./Drivers/STM32F4xx_HAL_Driver/Src/stm32f4xx_hal_cortex.o
 *fill*         0x000000000800375b        0x1 
 .rodata        0x000000000800375c       0x38 ./Drivers/STM32F4xx_HAL_Driver/Src/stm32f4xx_hal_dma.o
 .rodata        0x0000000008003794       0x39 ./Drivers/STM32F4xx_HAL_Driver/Src/stm32f4xx_hal_gpio.o
 *fill*         0x00000000080037cd        0x3 
 .rodata        0x00000000080037d0       0x38 ./Drivers/STM32F4xx_HAL_Driver/Src/stm32f4xx_hal_rcc.o
 .rodata        0x0000000008003808       0x3b ./Drivers/STM32F4xx_HAL_Driver/Src/stm32f4xx_hal_rcc_ex.o
 *fill*         0x0000000008003843        0x1 
 .rodata        0x0000000008003844       0x29 ./Modules/stm32f4xx-hal-common/common.o
 *fill*         0x000000000800386d        0x3 
 .rodata        0x0000000008003870       0x2a ./Modules/stm32f4xx-hal-led-module/led.o
 *(.rodata*)
 *fill*         0x000000000800389a        0x2 
 .rodata.AHBPrescTable
                0x000000000800389c       0x10 ./Core/Src/system_stm32f4xx.o
                0x000000000800389c                AHBPrescTable
 .rodata.flagBitshiftOffset.7685
                0x00000000080038ac        0x8 ./Drivers/STM32F4xx_HAL_Driver/Src/stm32f4xx_hal_dma.o
                0x00000000080038b4                . = ALIGN (0x4)

.ARM.extab      0x00000000080038b4        0x0
                0x00000000080038b4                . = ALIGN (0x4)
 *(.ARM.extab* .gnu.linkonce.armextab.*)
                0x00000000080038b4                . = ALIGN (0x4)

.ARM            0x00000000080038b4        0x8
                0x00000000080038b4                . = ALIGN (0x4)
                0x00000000080038b4                __exidx_start = .
 *(.ARM.exidx*)
 .ARM.exidx     0x00000000080038b4        0x8 c:/st/stm32cubeide_1.8.0/stm32cubeide/plugins/com.st.stm32cube.ide.mcu.externaltools.gnu-tools-for-stm32.9-2020-q2-update.win32_2.0.0.202105311346/tools/bin/../lib/gcc/arm-none-eabi/9.3.1/thumb/v7e-m+fp/hard\libgcc.a(_udivmoddi4.o)
                0x00000000080038bc                __exidx_end = .
                0x00000000080038bc                . = ALIGN (0x4)

.rel.dyn        0x00000000080038bc        0x0
 .rel.iplt      0x00000000080038bc        0x0 c:/st/stm32cubeide_1.8.0/stm32cubeide/plugins/com.st.stm32cube.ide.mcu.externaltools.gnu-tools-for-stm32.9-2020-q2-update.win32_2.0.0.202105311346/tools/bin/../lib/gcc/arm-none-eabi/9.3.1/thumb/v7e-m+fp/hard/crtbegin.o

.preinit_array  0x00000000080038bc        0x0
                0x00000000080038bc                . = ALIGN (0x4)
                0x00000000080038bc                PROVIDE (__preinit_array_start = .)
 *(.preinit_array*)
                0x00000000080038bc                PROVIDE (__preinit_array_end = .)
                0x00000000080038bc                . = ALIGN (0x4)

.init_array     0x00000000080038bc        0x4
                0x00000000080038bc                . = ALIGN (0x4)
                0x00000000080038bc                PROVIDE (__init_array_start = .)
 *(SORT_BY_NAME(.init_array.*))
 *(.init_array*)
 .init_array    0x00000000080038bc        0x4 c:/st/stm32cubeide_1.8.0/stm32cubeide/plugins/com.st.stm32cube.ide.mcu.externaltools.gnu-tools-for-stm32.9-2020-q2-update.win32_2.0.0.202105311346/tools/bin/../lib/gcc/arm-none-eabi/9.3.1/thumb/v7e-m+fp/hard/crtbegin.o
                0x00000000080038c0                PROVIDE (__init_array_end = .)
                0x00000000080038c0                . = ALIGN (0x4)

.fini_array     0x00000000080038c0        0x4
                0x00000000080038c0                . = ALIGN (0x4)
                [!provide]                        PROVIDE (__fini_array_start = .)
 *(SORT_BY_NAME(.fini_array.*))
 *(.fini_array*)
 .fini_array    0x00000000080038c0        0x4 c:/st/stm32cubeide_1.8.0/stm32cubeide/plugins/com.st.stm32cube.ide.mcu.externaltools.gnu-tools-for-stm32.9-2020-q2-update.win32_2.0.0.202105311346/tools/bin/../lib/gcc/arm-none-eabi/9.3.1/thumb/v7e-m+fp/hard/crtbegin.o
                [!provide]                        PROVIDE (__fini_array_end = .)
                0x00000000080038c4                . = ALIGN (0x4)
                0x00000000080038c4                _sidata = LOADADDR (.data)

.data           0x0000000020000000       0x10 load address 0x00000000080038c4
                0x0000000020000000                . = ALIGN (0x4)
                0x0000000020000000                _sdata = .
 *(.data)
 *(.data*)
 .data.hdma     0x0000000020000000        0x4 ./Core/Src/Throughput/tester_dma.o
 .data.SystemCoreClock
                0x0000000020000004        0x4 ./Core/Src/system_stm32f4xx.o
                0x0000000020000004                SystemCoreClock
 .data.uwTickPrio
                0x0000000020000008        0x4 ./Drivers/STM32F4xx_HAL_Driver/Src/stm32f4xx_hal.o
                0x0000000020000008                uwTickPrio
 .data.uwTickFreq
                0x000000002000000c        0x1 ./Drivers/STM32F4xx_HAL_Driver/Src/stm32f4xx_hal.o
                0x000000002000000c                uwTickFreq
 *(.RamFunc)
 *(.RamFunc*)
                0x0000000020000010                . = ALIGN (0x4)
 *fill*         0x000000002000000d        0x3 
                0x0000000020000010                _edata = .

.igot.plt       0x0000000020000010        0x0 load address 0x00000000080038d4
 .igot.plt      0x0000000020000010        0x0 c:/st/stm32cubeide_1.8.0/stm32cubeide/plugins/com.st.stm32cube.ide.mcu.externaltools.gnu-tools-for-stm32.9-2020-q2-update.win32_2.0.0.202105311346/tools/bin/../lib/gcc/arm-none-eabi/9.3.1/thumb/v7e-m+fp/hard/crtbegin.o
                0x0000000020000010                . = ALIGN (0x4)

.bss            0x0000000020000010      0x1e4 load address 0x00000000080038d4
                0x0000000020000010                _sbss = .
                0x0000000020000010                __bss_start__ = _sbss
 *(.bss)
 .bss           0x0000000020000010       0x1c c:/st/stm32cubeide_1.8.0/stm32cubeide/plugins/com.st.stm32cube.ide.mcu.externaltools.gnu-tools-for-stm32.9-2020-q2-update.win32_2.0.0.202105311346/tools/bin/../lib/gcc/arm-none-eabi/9.3.1/thumb/v7e-m+fp/hard/crtbegin.o
 *(.bss*)
 .bss.transferError
                0x000000002000002c        0x4 ./Core/Src/Throughput/tester_dma.o
 .bss.transferComplete
                0x0000000020000030        0x4 ./Core/Src/Throughput/tester_dma.o
 *fill*         0x0000000020000034        0x4 
 .bss.Testers   0x0000000020000038      0x138 ./Core/Src/Throughput/throughput.o
                0x0000000020000038                Testers
 *(COMMON)
 COMMON         0x0000000020000170       0x60 ./Core/Src/dma.o
                0x0000000020000170                hdma_memtomem_dma2_stream0
 COMMON         0x00000000200001d0       0x20 ./Core/Src/main.o
                0x00000000200001d0                hled
 COMMON         0x00000000200001f0        0x4 ./Drivers/STM32F4xx_HAL_Driver/Src/stm32f4xx_hal.o
                0x00000000200001f0                uwTick
                0x00000000200001f4                . = ALIGN (0x4)
                0x00000000200001f4                _ebss = .
                0x00000000200001f4                __bss_end__ = _ebss

._user_heap_stack
                0x00000000200001f4      0x604 load address 0x00000000080038d4
                0x00000000200001f8                . = ALIGN (0x8)
 *fill*         0x00000000200001f4        0x4 
                [!provide]                        PROVIDE (end = .)
                0x00000000200001f8                PROVIDE (_end = .)
                0x00000000200003f8                . = (. + _Min_Heap_Size)
 *fill*         0x00000000200001f8      0x200 
                0x00000000200007f8                . = (. + _Min_Stack_Size)
 *fill*         0x00000000200003f8      0x400 
                0x00000000200007f8                . = ALIGN (0x8)

/DISCARD/
 libc.a(*)
 libm.a(*)
 libgcc.a(*)

.ARM.attributes
                0x0000000000000000       0x30
 *(.ARM.attributes)
 .ARM.attributes
                0x0000000000000000       0x1e c:/st/stm32cubeide_1.8.0/stm32cubeide/plugins/com.st.stm32cube.ide.mcu.externaltools.gnu-tools-for-stm32.9-2020-q2-update.win32_2.0.0.202105311346/tools/bin/../lib/gcc/arm-none-eabi/9.3.1/thumb/v7e-m+fp/hard/crti.o
 .ARM.attributes
                0x000000000000001e       0x34 c:/st/stm32cubeide_1.8.0/stm32cubeide/plugins/com.st.stm32cube.ide.mcu.externaltools.gnu-tools-for-stm32.9-2020-q2-update.win32_2.0.0.202105311346/tools/bin/../lib/gcc/arm-none-eabi/9.3.1/thumb/v7e-m+fp/hard/crtbegin.o
 .ARM.attributes
                0x0000000000000052       0x34 ./Core/Src/Throughput/tester_dma.o
 .ARM.attributes
                0x0000000000000086       0x34 ./Core/Src/Throughput/throughput.o
 .ARM.attributes
                0x00000000000000ba       0x34 ./Core/Src/dma.o
 .ARM.attributes
                0x00000000000000ee       0x34 ./Core/Src/gpio.o
 .ARM.attributes
                0x0000000000000122       0x34 ./Core/Src/main.o
 .ARM.attributes
                0x0000000000000156       0x34 ./Core/Src/stm32f4xx_hal_msp.o
 .ARM.attributes
                0x000000000000018a       0x34 ./Core/Src/stm32f4xx_it.o
 .ARM.attributes
                0x00000000000001be       0x34 ./Core/Src/system_stm32f4xx.o
 .ARM.attributes
                0x00000000000001f2       0x21 ./Core/Startup/startup_stm32f446retx.o
 .ARM.attributes
                0x0000000000000213       0x34 ./Drivers/STM32F4xx_HAL_Driver/Src/stm32f4xx_hal.o
 .ARM.attributes
                0x0000000000000247       0x34 ./Drivers/STM32F4xx_HAL_Driver/Src/stm32f4xx_hal_cortex.o
 .ARM.attributes
                0x000000000000027b       0x34 ./Drivers/STM32F4xx_HAL_Driver/Src/stm32f4xx_hal_dma.o
 .ARM.attributes
                0x00000000000002af       0x34 ./Drivers/STM32F4xx_HAL_Driver/Src/stm32f4xx_hal_gpio.o
 .ARM.attributes
                0x00000000000002e3       0x34 ./Drivers/STM32F4xx_HAL_Driver/Src/stm32f4xx_hal_pwr_ex.o
 .ARM.attributes
                0x0000000000000317       0x34 ./Drivers/STM32F4xx_HAL_Driver/Src/stm32f4xx_hal_rcc.o
 .ARM.attributes
                0x000000000000034b       0x34 ./Drivers/STM32F4xx_HAL_Driver/Src/stm32f4xx_hal_rcc_ex.o
 .ARM.attributes
                0x000000000000037f       0x34 ./Modules/stm32f4xx-hal-common/common.o
 .ARM.attributes
                0x00000000000003b3       0x34 ./Modules/stm32f4xx-hal-led-module/led.o
 .ARM.attributes
                0x00000000000003e7       0x34 c:/st/stm32cubeide_1.8.0/stm32cubeide/plugins/com.st.stm32cube.ide.mcu.externaltools.gnu-tools-for-stm32.9-2020-q2-update.win32_2.0.0.202105311346/tools/bin/../lib/gcc/arm-none-eabi/9.3.1/../../../../arm-none-eabi/lib/thumb/v7e-m+fp/hard\libc_nano.a(lib_a-init.o)
 .ARM.attributes
                0x000000000000041b       0x34 c:/st/stm32cubeide_1.8.0/stm32cubeide/plugins/com.st.stm32cube.ide.mcu.externaltools.gnu-tools-for-stm32.9-2020-q2-update.win32_2.0.0.202105311346/tools/bin/../lib/gcc/arm-none-eabi/9.3.1/../../../../arm-none-eabi/lib/thumb/v7e-m+fp/hard\libc_nano.a(lib_a-memcmp.o)
 .ARM.attributes
                0x000000000000044f       0x34 c:/st/stm32cubeide_1.8.0/stm32cubeide/plugins/com.st.stm32cube.ide.mcu.externaltools.gnu-tools-for-stm32.9-2020-q2-update.win32_2.0.0.202105311346/tools/bin/../lib/gcc/arm-none-eabi/9.3.1/../../../../arm-none-eabi/lib/thumb/v7e-m+fp/hard\libc_nano.a(lib_a-memcpy-stub.o)
 .ARM.attributes
                0x0000000000000483       0x34 c:/st/stm32cubeide_1.8.0/stm32cubeide/plugins/com.st.stm32cube.ide.mcu.externaltools.gnu-tools-for-stm32.9-2020-q2-update.win32_2.0.0.202105311346/tools/bin/../lib/gcc/arm-none-eabi/9.3.1/../../../../arm-none-eabi/lib/thumb/v7e-m+fp/hard\libc_nano.a(lib_a-memset.o)
 .ARM.attributes
                0x00000000000004b7       0x1e c:/st/stm32cubeide_1.8.0/stm32cubeide/plugins/com.st.stm32cube.ide.mcu.externaltools.gnu-tools-for-stm32.9-2020-q2-update.win32_2.0.0.202105311346/tools/bin/../lib/gcc/arm-none-eabi/9.3.1/thumb/v7e-m+fp/hard\libgcc.a(_aeabi_uldivmod.o)
 .ARM.attributes
                0x00000000000004d5       0x34 c:/st/stm32cubeide_1.8.0/stm32cubeide/plugins/com.st.stm32cube.ide.mcu.externaltools.gnu-tools-for-stm32.9-2020-q2-update.win32_2.0.0.202105311346/tools/bin/../lib/gcc/arm-none-eabi/9.3.1/thumb/v7e-m+fp/hard\libgcc.a(_udivmoddi4.o)
 .ARM.attributes
                0x0000000000000509       0x1e c:/st/stm32cubeide_1.8.0/stm32cubeide/plugins/com.st.stm32cube.ide.mcu.externaltools.gnu-tools-for-stm32.9-2020-q2-update.win32_2.0.0.202105311346/tools/bin/../lib/gcc/arm-none-eabi/9.3.1/thumb/v7e-m+fp/hard\libgcc.a(_dvmd_tls.o)
 .ARM.attributes
                0x0000000000000527       0x1e c:/st/stm32cubeide_1.8.0/stm32cubeide/plugins/com.st.stm32cube.ide.mcu.externaltools.gnu-tools-for-stm32.9-2020-q2-update.win32_2.0.0.202105311346/tools/bin/../lib/gcc/arm-none-eabi/9.3.1/thumb/v7e-m+fp/hard/crtn.o
OUTPUT(vt-throughput-test.elf elf32-littlearm)
LOAD linker stubs
LOAD c:/st/stm32cubeide_1.8.0/stm32cubeide/plugins/com.st.stm32cube.ide.mcu.externaltools.gnu-tools-for-stm32.9-2020-q2-update.win32_2.0.0.202105311346/tools/bin/../lib/gcc/arm-none-eabi/9.3.1/../../../../arm-none-eabi/lib/thumb/v7e-m+fp/hard\libc.a
LOAD c:/st/stm32cubeide_1.8.0/stm32cubeide/plugins/com.st.stm32cube.ide.mcu.externaltools.gnu-tools-for-stm32.9-2020-q2-update.win32_2.0.0.202105311346/tools/bin/../lib/gcc/arm-none-eabi/9.3.1/../../../../arm-none-eabi/lib/thumb/v7e-m+fp/hard\libm.a
LOAD c:/st/stm32cubeide_1.8.0/stm32cubeide/plugins/com.st.stm32cube.ide.mcu.externaltools.gnu-tools-for-stm32.9-2020-q2-update.win32_2.0.0.202105311346/tools/bin/../lib/gcc/arm-none-eabi/9.3.1/thumb/v7e-m+fp/hard\libgcc.a

.debug_info     0x0000000000000000     0x927e
 .debug_info    0x0000000000000000      0x61c ./Core/Src/Throughput/tester_dma.o
 .debug_info    0x000000000000061c     0x10b6 ./Core/Src/Throughput/throughput.o
 .debug_info    0x00000000000016d2      0x8aa ./Core/Src/dma.o
 .debug_info    0x0000000000001f7c      0x52f ./Core/Src/gpio.o
 .debug_info    0x00000000000024ab      0xa10 ./Core/Src/main.o
 .debug_info    0x0000000000002ebb      0x3cc ./Core/Src/stm32f4xx_hal_msp.o
 .debug_info    0x0000000000003287      0x4b7 ./Core/Src/stm32f4xx_it.o
 .debug_info    0x000000000000373e      0x5dc ./Core/Src/system_stm32f4xx.o
 .debug_info    0x0000000000003d1a       0x22 ./Core/Startup/startup_stm32f446retx.o
 .debug_info    0x0000000000003d3c      0xa08 ./Drivers/STM32F4xx_HAL_Driver/Src/stm32f4xx_hal.o
 .debug_info    0x0000000000004744      0xf0d ./Drivers/STM32F4xx_HAL_Driver/Src/stm32f4xx_hal_cortex.o
 .debug_info    0x0000000000005651      0x9f1 ./Drivers/STM32F4xx_HAL_Driver/Src/stm32f4xx_hal_dma.o
 .debug_info    0x0000000000006042      0x892 ./Drivers/STM32F4xx_HAL_Driver/Src/stm32f4xx_hal_gpio.o
 .debug_info    0x00000000000068d4      0x7ca ./Drivers/STM32F4xx_HAL_Driver/Src/stm32f4xx_hal_pwr_ex.o
 .debug_info    0x000000000000709e      0x9db ./Drivers/STM32F4xx_HAL_Driver/Src/stm32f4xx_hal_rcc.o
 .debug_info    0x0000000000007a79      0xa86 ./Drivers/STM32F4xx_HAL_Driver/Src/stm32f4xx_hal_rcc_ex.o
 .debug_info    0x00000000000084ff      0x898 ./Modules/stm32f4xx-hal-common/common.o
 .debug_info    0x0000000000008d97      0x4e7 ./Modules/stm32f4xx-hal-led-module/led.o

.debug_abbrev   0x0000000000000000     0x2030
 .debug_abbrev  0x0000000000000000      0x1bb ./Core/Src/Throughput/tester_dma.o
 .debug_abbrev  0x00000000000001bb      0x2e5 ./Core/Src/Throughput/throughput.o
 .debug_abbrev  0x00000000000004a0      0x17b ./Core/Src/dma.o
 .debug_abbrev  0x000000000000061b      0x14e ./Core/Src/gpio.o
 .debug_abbrev  0x0000000000000769      0x225 ./Core/Src/main.o
 .debug_abbrev  0x000000000000098e      0x11d ./Core/Src/stm32f4xx_hal_msp.o
 .debug_abbrev  0x0000000000000aab      0x163 ./Core/Src/stm32f4xx_it.o
 .debug_abbrev  0x0000000000000c0e      0x145 ./Core/Src/system_stm32f4xx.o
 .debug_abbrev  0x0000000000000d53       0x12 ./Core/Startup/startup_stm32f446retx.o
 .debug_abbrev  0x0000000000000d65      0x1ed ./Drivers/STM32F4xx_HAL_Driver/Src/stm32f4xx_hal.o
 .debug_abbrev  0x0000000000000f52      0x33c ./Drivers/STM32F4xx_HAL_Driver/Src/stm32f4xx_hal_cortex.o
 .debug_abbrev  0x000000000000128e      0x259 ./Drivers/STM32F4xx_HAL_Driver/Src/stm32f4xx_hal_dma.o
 .debug_abbrev  0x00000000000014e7      0x1f1 ./Drivers/STM32F4xx_HAL_Driver/Src/stm32f4xx_hal_gpio.o
 .debug_abbrev  0x00000000000016d8      0x1bc ./Drivers/STM32F4xx_HAL_Driver/Src/stm32f4xx_hal_pwr_ex.o
 .debug_abbrev  0x0000000000001894      0x275 ./Drivers/STM32F4xx_HAL_Driver/Src/stm32f4xx_hal_rcc.o
 .debug_abbrev  0x0000000000001b09      0x1fe ./Drivers/STM32F4xx_HAL_Driver/Src/stm32f4xx_hal_rcc_ex.o
 .debug_abbrev  0x0000000000001d07      0x171 ./Modules/stm32f4xx-hal-common/common.o
 .debug_abbrev  0x0000000000001e78      0x1b8 ./Modules/stm32f4xx-hal-led-module/led.o

.debug_aranges  0x0000000000000000      0x728
 .debug_aranges
                0x0000000000000000       0xa0 ./Core/Src/Throughput/tester_dma.o
 .debug_aranges
                0x00000000000000a0       0x68 ./Core/Src/Throughput/throughput.o
 .debug_aranges
                0x0000000000000108       0x20 ./Core/Src/dma.o
 .debug_aranges
                0x0000000000000128       0x20 ./Core/Src/gpio.o
 .debug_aranges
                0x0000000000000148       0x38 ./Core/Src/main.o
 .debug_aranges
                0x0000000000000180       0x20 ./Core/Src/stm32f4xx_hal_msp.o
 .debug_aranges
                0x00000000000001a0       0x68 ./Core/Src/stm32f4xx_it.o
 .debug_aranges
                0x0000000000000208       0x28 ./Core/Src/system_stm32f4xx.o
 .debug_aranges
                0x0000000000000230       0x28 ./Core/Startup/startup_stm32f446retx.o
 .debug_aranges
                0x0000000000000258       0xf0 ./Drivers/STM32F4xx_HAL_Driver/Src/stm32f4xx_hal.o
 .debug_aranges
                0x0000000000000348      0x118 ./Drivers/STM32F4xx_HAL_Driver/Src/stm32f4xx_hal_cortex.o
 .debug_aranges
                0x0000000000000460       0x90 ./Drivers/STM32F4xx_HAL_Driver/Src/stm32f4xx_hal_dma.o
 .debug_aranges
                0x00000000000004f0       0x58 ./Drivers/STM32F4xx_HAL_Driver/Src/stm32f4xx_hal_gpio.o
 .debug_aranges
                0x0000000000000548       0x60 ./Drivers/STM32F4xx_HAL_Driver/Src/stm32f4xx_hal_pwr_ex.o
 .debug_aranges
                0x00000000000005a8       0x88 ./Drivers/STM32F4xx_HAL_Driver/Src/stm32f4xx_hal_rcc.o
 .debug_aranges
                0x0000000000000630       0x78 ./Drivers/STM32F4xx_HAL_Driver/Src/stm32f4xx_hal_rcc_ex.o
 .debug_aranges
                0x00000000000006a8       0x38 ./Modules/stm32f4xx-hal-common/common.o
 .debug_aranges
                0x00000000000006e0       0x48 ./Modules/stm32f4xx-hal-led-module/led.o

.debug_ranges   0x0000000000000000      0x610
 .debug_ranges  0x0000000000000000       0x90 ./Core/Src/Throughput/tester_dma.o
 .debug_ranges  0x0000000000000090       0x58 ./Core/Src/Throughput/throughput.o
 .debug_ranges  0x00000000000000e8       0x10 ./Core/Src/dma.o
 .debug_ranges  0x00000000000000f8       0x10 ./Core/Src/gpio.o
 .debug_ranges  0x0000000000000108       0x28 ./Core/Src/main.o
 .debug_ranges  0x0000000000000130       0x10 ./Core/Src/stm32f4xx_hal_msp.o
 .debug_ranges  0x0000000000000140       0x58 ./Core/Src/stm32f4xx_it.o
 .debug_ranges  0x0000000000000198       0x18 ./Core/Src/system_stm32f4xx.o
 .debug_ranges  0x00000000000001b0       0x20 ./Core/Startup/startup_stm32f446retx.o
 .debug_ranges  0x00000000000001d0       0xe0 ./Drivers/STM32F4xx_HAL_Driver/Src/stm32f4xx_hal.o
 .debug_ranges  0x00000000000002b0      0x108 ./Drivers/STM32F4xx_HAL_Driver/Src/stm32f4xx_hal_cortex.o
 .debug_ranges  0x00000000000003b8       0x80 ./Drivers/STM32F4xx_HAL_Driver/Src/stm32f4xx_hal_dma.o
 .debug_ranges  0x0000000000000438       0x48 ./Drivers/STM32F4xx_HAL_Driver/Src/stm32f4xx_hal_gpio.o
 .debug_ranges  0x0000000000000480       0x50 ./Drivers/STM32F4xx_HAL_Driver/Src/stm32f4xx_hal_pwr_ex.o
 .debug_ranges  0x00000000000004d0       0x78 ./Drivers/STM32F4xx_HAL_Driver/Src/stm32f4xx_hal_rcc.o
 .debug_ranges  0x0000000000000548       0x68 ./Drivers/STM32F4xx_HAL_Driver/Src/stm32f4xx_hal_rcc_ex.o
 .debug_ranges  0x00000000000005b0       0x28 ./Modules/stm32f4xx-hal-common/common.o
 .debug_ranges  0x00000000000005d8       0x38 ./Modules/stm32f4xx-hal-led-module/led.o

.debug_macro    0x0000000000000000    0x21365
 .debug_macro   0x0000000000000000      0x1cd ./Core/Src/Throughput/tester_dma.o
 .debug_macro   0x00000000000001cd      0xaa8 ./Core/Src/Throughput/tester_dma.o
 .debug_macro   0x0000000000000c75      0x296 ./Core/Src/Throughput/tester_dma.o
 .debug_macro   0x0000000000000f0b       0x2e ./Core/Src/Throughput/tester_dma.o
 .debug_macro   0x0000000000000f39       0x28 ./Core/Src/Throughput/tester_dma.o
 .debug_macro   0x0000000000000f61       0x22 ./Core/Src/Throughput/tester_dma.o
 .debug_macro   0x0000000000000f83       0x8e ./Core/Src/Throughput/tester_dma.o
 .debug_macro   0x0000000000001011       0x51 ./Core/Src/Throughput/tester_dma.o
 .debug_macro   0x0000000000001062      0x103 ./Core/Src/Throughput/tester_dma.o
 .debug_macro   0x0000000000001165       0x6a ./Core/Src/Throughput/tester_dma.o
 .debug_macro   0x00000000000011cf      0x1df ./Core/Src/Throughput/tester_dma.o
 .debug_macro   0x00000000000013ae       0x1c ./Core/Src/Throughput/tester_dma.o
 .debug_macro   0x00000000000013ca       0x22 ./Core/Src/Throughput/tester_dma.o
 .debug_macro   0x00000000000013ec       0xdf ./Core/Src/Throughput/tester_dma.o
 .debug_macro   0x00000000000014cb     0x102d ./Core/Src/Throughput/tester_dma.o
 .debug_macro   0x00000000000024f8      0x11f ./Core/Src/Throughput/tester_dma.o
 .debug_macro   0x0000000000002617    0x16749 ./Core/Src/Throughput/tester_dma.o
 .debug_macro   0x0000000000018d60       0x6d ./Core/Src/Throughput/tester_dma.o
 .debug_macro   0x0000000000018dcd     0x3666 ./Core/Src/Throughput/tester_dma.o
 .debug_macro   0x000000000001c433      0x174 ./Core/Src/Throughput/tester_dma.o
 .debug_macro   0x000000000001c5a7       0x5c ./Core/Src/Throughput/tester_dma.o
 .debug_macro   0x000000000001c603      0xc90 ./Core/Src/Throughput/tester_dma.o
 .debug_macro   0x000000000001d293      0x9fe ./Core/Src/Throughput/tester_dma.o
 .debug_macro   0x000000000001dc91      0x116 ./Core/Src/Throughput/tester_dma.o
 .debug_macro   0x000000000001dda7      0x1a0 ./Core/Src/Throughput/tester_dma.o
 .debug_macro   0x000000000001df47       0xa5 ./Core/Src/Throughput/tester_dma.o
 .debug_macro   0x000000000001dfec      0x16d ./Core/Src/Throughput/tester_dma.o
 .debug_macro   0x000000000001e159      0x287 ./Core/Src/Throughput/tester_dma.o
 .debug_macro   0x000000000001e3e0       0x5f ./Core/Src/Throughput/tester_dma.o
 .debug_macro   0x000000000001e43f      0x236 ./Core/Src/Throughput/tester_dma.o
 .debug_macro   0x000000000001e675      0x132 ./Core/Src/Throughput/tester_dma.o
 .debug_macro   0x000000000001e7a7      0x29c ./Core/Src/Throughput/tester_dma.o
 .debug_macro   0x000000000001ea43       0x2e ./Core/Src/Throughput/tester_dma.o
 .debug_macro   0x000000000001ea71      0x11a ./Core/Src/Throughput/tester_dma.o
 .debug_macro   0x000000000001eb8b       0xe8 ./Core/Src/Throughput/tester_dma.o
 .debug_macro   0x000000000001ec73       0x89 ./Core/Src/Throughput/tester_dma.o
 .debug_macro   0x000000000001ecfc      0x126 ./Core/Src/Throughput/tester_dma.o
 .debug_macro   0x000000000001ee22       0x46 ./Core/Src/Throughput/tester_dma.o
 .debug_macro   0x000000000001ee68      0x2be ./Core/Src/Throughput/throughput.o
 .debug_macro   0x000000000001f126       0x52 ./Core/Src/Throughput/throughput.o
 .debug_macro   0x000000000001f178       0x18 ./Core/Src/Throughput/throughput.o
 .debug_macro   0x000000000001f190       0x3c ./Core/Src/Throughput/throughput.o
 .debug_macro   0x000000000001f1cc       0x34 ./Core/Src/Throughput/throughput.o
 .debug_macro   0x000000000001f200       0x16 ./Core/Src/Throughput/throughput.o
 .debug_macro   0x000000000001f216       0x43 ./Core/Src/Throughput/throughput.o
 .debug_macro   0x000000000001f259       0x34 ./Core/Src/Throughput/throughput.o
 .debug_macro   0x000000000001f28d       0x10 ./Core/Src/Throughput/throughput.o
 .debug_macro   0x000000000001f29d       0x58 ./Core/Src/Throughput/throughput.o
 .debug_macro   0x000000000001f2f5       0x71 ./Core/Src/Throughput/throughput.o
 .debug_macro   0x000000000001f366       0x1c ./Core/Src/Throughput/throughput.o
 .debug_macro   0x000000000001f382      0x12a ./Core/Src/Throughput/throughput.o
 .debug_macro   0x000000000001f4ac      0x333 ./Core/Src/Throughput/throughput.o
 .debug_macro   0x000000000001f7df       0x10 ./Core/Src/Throughput/throughput.o
 .debug_macro   0x000000000001f7ef       0x35 ./Core/Src/Throughput/throughput.o
 .debug_macro   0x000000000001f824       0x20 ./Core/Src/Throughput/throughput.o
 .debug_macro   0x000000000001f844      0x1c9 ./Core/Src/dma.o
 .debug_macro   0x000000000001fa0d       0x40 ./Core/Src/dma.o
 .debug_macro   0x000000000001fa4d      0x1c9 ./Core/Src/gpio.o
 .debug_macro   0x000000000001fc16      0x1eb ./Core/Src/main.o
 .debug_macro   0x000000000001fe01      0x1bf ./Core/Src/stm32f4xx_hal_msp.o
 .debug_macro   0x000000000001ffc0      0x1c9 ./Core/Src/stm32f4xx_it.o
 .debug_macro   0x0000000000020189      0x1b0 ./Core/Src/system_stm32f4xx.o
 .debug_macro   0x0000000000020339      0x210 ./Drivers/STM32F4xx_HAL_Driver/Src/stm32f4xx_hal.o
 .debug_macro   0x0000000000020549      0x1b0 ./Drivers/STM32F4xx_HAL_Driver/Src/stm32f4xx_hal_cortex.o
 .debug_macro   0x00000000000206f9      0x1b6 ./Drivers/STM32F4xx_HAL_Driver/Src/stm32f4xx_hal_dma.o
 .debug_macro   0x00000000000208af      0x1b6 ./Drivers/STM32F4xx_HAL_Driver/Src/stm32f4xx_hal_gpio.o
 .debug_macro   0x0000000000020a65      0x1c8 ./Drivers/STM32F4xx_HAL_Driver/Src/stm32f4xx_hal_pwr_ex.o
 .debug_macro   0x0000000000020c2d      0x1d4 ./Drivers/STM32F4xx_HAL_Driver/Src/stm32f4xx_hal_rcc.o
 .debug_macro   0x0000000000020e01      0x1b0 ./Drivers/STM32F4xx_HAL_Driver/Src/stm32f4xx_hal_rcc_ex.o
 .debug_macro   0x0000000000020fb1      0x1bf ./Modules/stm32f4xx-hal-common/common.o
 .debug_macro   0x0000000000021170       0x16 ./Modules/stm32f4xx-hal-common/common.o
 .debug_macro   0x0000000000021186      0x1c3 ./Modules/stm32f4xx-hal-led-module/led.o
 .debug_macro   0x0000000000021349       0x1c ./Modules/stm32f4xx-hal-led-module/led.o

.debug_line     0x0000000000000000     0xb1e4
 .debug_line    0x0000000000000000      0x9c9 ./Core/Src/Throughput/tester_dma.o
 .debug_line    0x00000000000009c9      0xa10 ./Core/Src/Throughput/throughput.o
 .debug_line    0x00000000000013d9      0x6a7 ./Core/Src/dma.o
 .debug_line    0x0000000000001a80      0x68f ./Core/Src/gpio.o
 .debug_line    0x000000000000210f      0x787 ./Core/Src/main.o
 .debug_line    0x0000000000002896      0x67e ./Core/Src/stm32f4xx_hal_msp.o
 .debug_line    0x0000000000002f14      0x758 ./Core/Src/stm32f4xx_it.o
 .debug_line    0x000000000000366c      0x6ff ./Core/Src/system_stm32f4xx.o
 .debug_line    0x0000000000003d6b       0x88 ./Core/Startup/startup_stm32f446retx.o
 .debug_line    0x0000000000003df3      0x979 ./Drivers/STM32F4xx_HAL_Driver/Src/stm32f4xx_hal.o
 .debug_line    0x000000000000476c      0xdd9 ./Drivers/STM32F4xx_HAL_Driver/Src/stm32f4xx_hal_cortex.o
 .debug_line    0x0000000000005545     0x1088 ./Drivers/STM32F4xx_HAL_Driver/Src/stm32f4xx_hal_dma.o
 .debug_line    0x00000000000065cd      0xce9 ./Drivers/STM32F4xx_HAL_Driver/Src/stm32f4xx_hal_gpio.o
 .debug_line    0x00000000000072b6      0x8c0 ./Drivers/STM32F4xx_HAL_Driver/Src/stm32f4xx_hal_pwr_ex.o
 .debug_line    0x0000000000007b76      0xecf ./Drivers/STM32F4xx_HAL_Driver/Src/stm32f4xx_hal_rcc.o
 .debug_line    0x0000000000008a45     0x16eb ./Drivers/STM32F4xx_HAL_Driver/Src/stm32f4xx_hal_rcc_ex.o
 .debug_line    0x000000000000a130      0x83a ./Modules/stm32f4xx-hal-common/common.o
 .debug_line    0x000000000000a96a      0x87a ./Modules/stm32f4xx-hal-led-module/led.o

.debug_str      0x0000000000000000    0xc5a3e
 .debug_str     0x0000000000000000    0xc0569 ./Core/Src/Throughput/tester_dma.o
                                      0xc0837 (size before relaxing)
 .debug_str     0x00000000000c0569     0x3619 ./Core/Src/Throughput/throughput.o
                                      0xc39a2 (size before relaxing)
 .debug_str     0x00000000000c3b82      0x625 ./Core/Src/dma.o
                                      0xc0c5a (size before relaxing)
 .debug_str     0x00000000000c41a7       0x3c ./Core/Src/gpio.o
                                      0xc0522 (size before relaxing)
 .debug_str     0x00000000000c41e3      0x16f ./Core/Src/main.o
                                      0xc0971 (size before relaxing)
 .debug_str     0x00000000000c4352       0x2c ./Core/Src/stm32f4xx_hal_msp.o
                                      0xc04a1 (size before relaxing)
 .debug_str     0x00000000000c437e       0xd5 ./Core/Src/stm32f4xx_it.o
                                      0xc0689 (size before relaxing)
 .debug_str     0x00000000000c4453       0xaf ./Core/Src/system_stm32f4xx.o
                                      0xc043a (size before relaxing)
 .debug_str     0x00000000000c4502       0x36 ./Core/Startup/startup_stm32f446retx.o
                                         0x5f (size before relaxing)
 .debug_str     0x00000000000c4538      0x576 ./Drivers/STM32F4xx_HAL_Driver/Src/stm32f4xx_hal.o
                                      0xc0f5d (size before relaxing)
 .debug_str     0x00000000000c4aae      0x392 ./Drivers/STM32F4xx_HAL_Driver/Src/stm32f4xx_hal_cortex.o
                                      0xc0d3b (size before relaxing)
 .debug_str     0x00000000000c4e40      0x270 ./Drivers/STM32F4xx_HAL_Driver/Src/stm32f4xx_hal_dma.o
                                      0xc083f (size before relaxing)
 .debug_str     0x00000000000c50b0      0x17b ./Drivers/STM32F4xx_HAL_Driver/Src/stm32f4xx_hal_gpio.o
                                      0xc05e1 (size before relaxing)
 .debug_str     0x00000000000c522b      0x135 ./Drivers/STM32F4xx_HAL_Driver/Src/stm32f4xx_hal_pwr_ex.o
                                      0xc0632 (size before relaxing)
 .debug_str     0x00000000000c5360      0x24e ./Drivers/STM32F4xx_HAL_Driver/Src/stm32f4xx_hal_rcc.o
                                      0xc0841 (size before relaxing)
 .debug_str     0x00000000000c55ae      0x31c ./Drivers/STM32F4xx_HAL_Driver/Src/stm32f4xx_hal_rcc_ex.o
                                      0xc089e (size before relaxing)
 .debug_str     0x00000000000c58ca       0xeb ./Modules/stm32f4xx-hal-common/common.o
                                      0xc0a56 (size before relaxing)
 .debug_str     0x00000000000c59b5       0x89 ./Modules/stm32f4xx-hal-led-module/led.o
                                      0xc04cc (size before relaxing)

.comment        0x0000000000000000       0x53
 .comment       0x0000000000000000       0x53 ./Core/Src/Throughput/tester_dma.o
                                         0x54 (size before relaxing)
 .comment       0x0000000000000053       0x54 ./Core/Src/Throughput/throughput.o
 .comment       0x0000000000000053       0x54 ./Core/Src/dma.o
 .comment       0x0000000000000053       0x54 ./Core/Src/gpio.o
 .comment       0x0000000000000053       0x54 ./Core/Src/main.o
 .comment       0x0000000000000053       0x54 ./Core/Src/stm32f4xx_hal_msp.o
 .comment       0x0000000000000053       0x54 ./Core/Src/stm32f4xx_it.o
 .comment       0x0000000000000053       0x54 ./Core/Src/system_stm32f4xx.o
 .comment       0x0000000000000053       0x54 ./Drivers/STM32F4xx_HAL_Driver/Src/stm32f4xx_hal.o
 .comment       0x0000000000000053       0x54 ./Drivers/STM32F4xx_HAL_Driver/Src/stm32f4xx_hal_cortex.o
 .comment       0x0000000000000053       0x54 ./Drivers/STM32F4xx_HAL_Driver/Src/stm32f4xx_hal_dma.o
 .comment       0x0000000000000053       0x54 ./Drivers/STM32F4xx_HAL_Driver/Src/stm32f4xx_hal_gpio.o
 .comment       0x0000000000000053       0x54 ./Drivers/STM32F4xx_HAL_Driver/Src/stm32f4xx_hal_pwr_ex.o
 .comment       0x0000000000000053       0x54 ./Drivers/STM32F4xx_HAL_Driver/Src/stm32f4xx_hal_rcc.o
 .comment       0x0000000000000053       0x54 ./Drivers/STM32F4xx_HAL_Driver/Src/stm32f4xx_hal_rcc_ex.o
 .comment       0x0000000000000053       0x54 ./Modules/stm32f4xx-hal-common/common.o
 .comment       0x0000000000000053       0x54 ./Modules/stm32f4xx-hal-led-module/led.o

.debug_frame    0x0000000000000000     0x1968
 .debug_frame   0x0000000000000000      0x210 ./Core/Src/Throughput/tester_dma.o
 .debug_frame   0x0000000000000210      0x16c ./Core/Src/Throughput/throughput.o
 .debug_frame   0x000000000000037c       0x34 ./Core/Src/dma.o
 .debug_frame   0x00000000000003b0       0x34 ./Core/Src/gpio.o
 .debug_frame   0x00000000000003e4       0x90 ./Core/Src/main.o
 .debug_frame   0x0000000000000474       0x34 ./Core/Src/stm32f4xx_hal_msp.o
 .debug_frame   0x00000000000004a8      0x120 ./Core/Src/stm32f4xx_it.o
 .debug_frame   0x00000000000005c8       0x58 ./Core/Src/system_stm32f4xx.o
 .debug_frame   0x0000000000000620      0x374 ./Drivers/STM32F4xx_HAL_Driver/Src/stm32f4xx_hal.o
 .debug_frame   0x0000000000000994      0x494 ./Drivers/STM32F4xx_HAL_Driver/Src/stm32f4xx_hal_cortex.o
 .debug_frame   0x0000000000000e28      0x254 ./Drivers/STM32F4xx_HAL_Driver/Src/stm32f4xx_hal_dma.o
 .debug_frame   0x000000000000107c      0x138 ./Drivers/STM32F4xx_HAL_Driver/Src/stm32f4xx_hal_gpio.o
 .debug_frame   0x00000000000011b4      0x148 ./Drivers/STM32F4xx_HAL_Driver/Src/stm32f4xx_hal_pwr_ex.o
 .debug_frame   0x00000000000012fc      0x1f4 ./Drivers/STM32F4xx_HAL_Driver/Src/stm32f4xx_hal_rcc.o
 .debug_frame   0x00000000000014f0      0x1e4 ./Drivers/STM32F4xx_HAL_Driver/Src/stm32f4xx_hal_rcc_ex.o
 .debug_frame   0x00000000000016d4       0xa8 ./Modules/stm32f4xx-hal-common/common.o
 .debug_frame   0x000000000000177c       0xec ./Modules/stm32f4xx-hal-led-module/led.o
 .debug_frame   0x0000000000001868       0x2c c:/st/stm32cubeide_1.8.0/stm32cubeide/plugins/com.st.stm32cube.ide.mcu.externaltools.gnu-tools-for-stm32.9-2020-q2-update.win32_2.0.0.202105311346/tools/bin/../lib/gcc/arm-none-eabi/9.3.1/../../../../arm-none-eabi/lib/thumb/v7e-m+fp/hard\libc_nano.a(lib_a-init.o)
 .debug_frame   0x0000000000001894       0x2c c:/st/stm32cubeide_1.8.0/stm32cubeide/plugins/com.st.stm32cube.ide.mcu.externaltools.gnu-tools-for-stm32.9-2020-q2-update.win32_2.0.0.202105311346/tools/bin/../lib/gcc/arm-none-eabi/9.3.1/../../../../arm-none-eabi/lib/thumb/v7e-m+fp/hard\libc_nano.a(lib_a-memcmp.o)
 .debug_frame   0x00000000000018c0       0x28 c:/st/stm32cubeide_1.8.0/stm32cubeide/plugins/com.st.stm32cube.ide.mcu.externaltools.gnu-tools-for-stm32.9-2020-q2-update.win32_2.0.0.202105311346/tools/bin/../lib/gcc/arm-none-eabi/9.3.1/../../../../arm-none-eabi/lib/thumb/v7e-m+fp/hard\libc_nano.a(lib_a-memcpy-stub.o)
 .debug_frame   0x00000000000018e8       0x20 c:/st/stm32cubeide_1.8.0/stm32cubeide/plugins/com.st.stm32cube.ide.mcu.externaltools.gnu-tools-for-stm32.9-2020-q2-update.win32_2.0.0.202105311346/tools/bin/../lib/gcc/arm-none-eabi/9.3.1/../../../../arm-none-eabi/lib/thumb/v7e-m+fp/hard\libc_nano.a(lib_a-memset.o)
 .debug_frame   0x0000000000001908       0x2c c:/st/stm32cubeide_1.8.0/stm32cubeide/plugins/com.st.stm32cube.ide.mcu.externaltools.gnu-tools-for-stm32.9-2020-q2-update.win32_2.0.0.202105311346/tools/bin/../lib/gcc/arm-none-eabi/9.3.1/thumb/v7e-m+fp/hard\libgcc.a(_aeabi_uldivmod.o)
 .debug_frame   0x0000000000001934       0x34 c:/st/stm32cubeide_1.8.0/stm32cubeide/plugins/com.st.stm32cube.ide.mcu.externaltools.gnu-tools-for-stm32.9-2020-q2-update.win32_2.0.0.202105311346/tools/bin/../lib/gcc/arm-none-eabi/9.3.1/thumb/v7e-m+fp/hard\libgcc.a(_udivmoddi4.o)
