Archive member included to satisfy reference by file (symbol)

c:/st/stm32cubeide_1.8.0/stm32cubeide/plugins/com.st.stm32cube.ide.mcu.externaltools.gnu-tools-for-stm32.9-2020-q2-update.win32_2.0.0.202105311346/tools/bin/../lib/gcc/arm-none-eabi/9.3.1/../../../../arm-none-eabi/lib/thumb/v7e-m+fp/hard\libc_nano.a(lib_a-errno.o)
                              ./Core/Src/syscalls.o (__errno)
c:/st/stm32cubeide_1.8.0/stm32cubeide/plugins/com.st.stm32cube.ide.mcu.externaltools.gnu-tools-for-stm32.9-2020-q2-update.win32_2.0.0.202105311346/tools/bin/../lib/gcc/arm-none-eabi/9.3.1/../../../../arm-none-eabi/lib/thumb/v7e-m+fp/hard\libc_nano.a(lib_a-exit.o)
                              c:/st/stm32cubeide_1.8.0/stm32cubeide/plugins/com.st.stm32cube.ide.mcu.externaltools.gnu-tools-for-stm32.9-2020-q2-update.win32_2.0.0.202105311346/tools/bin/../lib/gcc/arm-none-eabi/9.3.1/../../../../arm-none-eabi/lib/thumb/v7e-m+fp/hard/crt0.o (exit)
c:/st/stm32cubeide_1.8.0/stm32cubeide/plugins/com.st.stm32cube.ide.mcu.externaltools.gnu-tools-for-stm32.9-2020-q2-update.win32_2.0.0.202105311346/tools/bin/../lib/gcc/arm-none-eabi/9.3.1/../../../../arm-none-eabi/lib/thumb/v7e-m+fp/hard\libc_nano.a(lib_a-impure.o)
                              c:/st/stm32cubeide_1.8.0/stm32cubeide/plugins/com.st.stm32cube.ide.mcu.externaltools.gnu-tools-for-stm32.9-2020-q2-update.win32_2.0.0.202105311346/tools/bin/../lib/gcc/arm-none-eabi/9.3.1/../../../../arm-none-eabi/lib/thumb/v7e-m+fp/hard\libc_nano.a(lib_a-exit.o) (_global_impure_ptr)
c:/st/stm32cubeide_1.8.0/stm32cubeide/plugins/com.st.stm32cube.ide.mcu.externaltools.gnu-tools-for-stm32.9-2020-q2-update.win32_2.0.0.202105311346/tools/bin/../lib/gcc/arm-none-eabi/9.3.1/../../../../arm-none-eabi/lib/thumb/v7e-m+fp/hard\libc_nano.a(lib_a-init.o)
                              c:/st/stm32cubeide_1.8.0/stm32cubeide/plugins/com.st.stm32cube.ide.mcu.externaltools.gnu-tools-for-stm32.9-2020-q2-update.win32_2.0.0.202105311346/tools/bin/../lib/gcc/arm-none-eabi/9.3.1/../../../../arm-none-eabi/lib/thumb/v7e-m+fp/hard/crt0.o (__libc_init_array)
c:/st/stm32cubeide_1.8.0/stm32cubeide/plugins/com.st.stm32cube.ide.mcu.externaltools.gnu-tools-for-stm32.9-2020-q2-update.win32_2.0.0.202105311346/tools/bin/../lib/gcc/arm-none-eabi/9.3.1/../../../../arm-none-eabi/lib/thumb/v7e-m+fp/hard\libc_nano.a(lib_a-memcmp.o)
                              ./Core/Src/Throughput/throughput.o (memcmp)
c:/st/stm32cubeide_1.8.0/stm32cubeide/plugins/com.st.stm32cube.ide.mcu.externaltools.gnu-tools-for-stm32.9-2020-q2-update.win32_2.0.0.202105311346/tools/bin/../lib/gcc/arm-none-eabi/9.3.1/../../../../arm-none-eabi/lib/thumb/v7e-m+fp/hard\libc_nano.a(lib_a-memcpy-stub.o)
                              ./Core/Src/Throughput/throughput.o (memcpy)
c:/st/stm32cubeide_1.8.0/stm32cubeide/plugins/com.st.stm32cube.ide.mcu.externaltools.gnu-tools-for-stm32.9-2020-q2-update.win32_2.0.0.202105311346/tools/bin/../lib/gcc/arm-none-eabi/9.3.1/../../../../arm-none-eabi/lib/thumb/v7e-m+fp/hard\libc_nano.a(lib_a-memset.o)
                              c:/st/stm32cubeide_1.8.0/stm32cubeide/plugins/com.st.stm32cube.ide.mcu.externaltools.gnu-tools-for-stm32.9-2020-q2-update.win32_2.0.0.202105311346/tools/bin/../lib/gcc/arm-none-eabi/9.3.1/../../../../arm-none-eabi/lib/thumb/v7e-m+fp/hard/crt0.o (memset)
c:/st/stm32cubeide_1.8.0/stm32cubeide/plugins/com.st.stm32cube.ide.mcu.externaltools.gnu-tools-for-stm32.9-2020-q2-update.win32_2.0.0.202105311346/tools/bin/../lib/gcc/arm-none-eabi/9.3.1/thumb/v7e-m+fp/hard\libgcc.a(_aeabi_uldivmod.o)
                              ./Drivers/STM32F4xx_HAL_Driver/Src/stm32f4xx_hal_rcc.o (__aeabi_uldivmod)
c:/st/stm32cubeide_1.8.0/stm32cubeide/plugins/com.st.stm32cube.ide.mcu.externaltools.gnu-tools-for-stm32.9-2020-q2-update.win32_2.0.0.202105311346/tools/bin/../lib/gcc/arm-none-eabi/9.3.1/thumb/v7e-m+fp/hard\libgcc.a(_udivmoddi4.o)
                              c:/st/stm32cubeide_1.8.0/stm32cubeide/plugins/com.st.stm32cube.ide.mcu.externaltools.gnu-tools-for-stm32.9-2020-q2-update.win32_2.0.0.202105311346/tools/bin/../lib/gcc/arm-none-eabi/9.3.1/thumb/v7e-m+fp/hard\libgcc.a(_aeabi_uldivmod.o) (__udivmoddi4)
c:/st/stm32cubeide_1.8.0/stm32cubeide/plugins/com.st.stm32cube.ide.mcu.externaltools.gnu-tools-for-stm32.9-2020-q2-update.win32_2.0.0.202105311346/tools/bin/../lib/gcc/arm-none-eabi/9.3.1/thumb/v7e-m+fp/hard\libgcc.a(_dvmd_tls.o)
                              c:/st/stm32cubeide_1.8.0/stm32cubeide/plugins/com.st.stm32cube.ide.mcu.externaltools.gnu-tools-for-stm32.9-2020-q2-update.win32_2.0.0.202105311346/tools/bin/../lib/gcc/arm-none-eabi/9.3.1/thumb/v7e-m+fp/hard\libgcc.a(_aeabi_uldivmod.o) (__aeabi_ldiv0)

Allocating common symbols
Common symbol       size              file

hdma_memtomem_dma2_stream0
                    0x60              ./Core/Src/dma.o
uwTick              0x4               ./Drivers/STM32F4xx_HAL_Driver/Src/stm32f4xx_hal.o
[...]
Memory Configuration

Name             Origin             Length             Attributes
RAM              0x0000000020000000 0x0000000000020000 xrw
FLASH            0x0000000008000000 0x0000000000080000 xr
*default*        0x0000000000000000 0xffffffffffffffff

Linker script and memory map

LOAD c:/st/stm32cubeide_1.8.0/stm32cubeide/plugins/com.st.stm32cube.ide.mcu.externaltools.gnu-tools-for-stm32.9-2020-q2-update.win32_2.0.0.202105311346/tools/bin/../lib/gcc/arm-none-eabi/9.3.1/thumb/v7e-m+fp/hard/crti.o
LOAD c:/st/stm32cubeide_1.8.0/stm32cubeide/plugins/com.st.stm32cube.ide.mcu.externaltools.gnu-tools-for-stm32.9-2020-q2-update.win32_2.0.0.202105311346/tools/bin/../lib/gcc/arm-none-eabi/9.3.1/thumb/v7e-m+fp/hard/crtbegin.o
LOAD c:/st/stm32cubeide_1.8.0/stm32cubeide/plugins/com.st.stm32cube.ide.mcu.externaltools.gnu-tools-for-stm32.9-2020-q2-update.win32_2.0.0.202105311346/tools/bin/../lib/gcc/arm-none-eabi/9.3.1/../../../../arm-none-eabi/lib/thumb/v7e-m+fp/hard/crt0.o
LOAD ./Core/Src/Throughput/throughput.o
LOAD ./Core/Src/dma.o
LOAD ./Core/Src/gpio.o
LOAD ./Core/Src/main.o
LOAD ./Core/Src/stm32f4xx_hal_msp.o
LOAD ./Core/Src/stm32f4xx_it.o
LOAD ./Core/Src/syscalls.o
LOAD ./Core/Src/sysmem.o
LOAD ./Core/Src/system_stm32f4xx.o
LOAD ./Core/Startup/startup_stm32f446retx.o
LOAD ./Drivers/STM32F4xx_HAL_Driver/Src/stm32f4xx_hal.o
LOAD ./Drivers/STM32F4xx_HAL_Driver/Src/stm32f4xx_hal_cortex.o
LOAD ./Drivers/STM32F4xx_HAL_Driver/Src/stm32f4xx_hal_dma.o
LOAD ./Drivers/STM32F4xx_HAL_Driver/Src/stm32f4xx_hal_dma_ex.o
LOAD ./Drivers/STM32F4xx_HAL_Driver/Src/stm32f4xx_hal_exti.o
LOAD ./Drivers/STM32F4xx_HAL_Driver/Src/stm32f4xx_hal_flash.o
LOAD ./Drivers/STM32F4xx_HAL_Driver/Src/stm32f4xx_hal_flash_ex.o
LOAD ./Drivers/STM32F4xx_HAL_Driver/Src/stm32f4xx_hal_flash_ramfunc.o
LOAD ./Drivers/STM32F4xx_HAL_Driver/Src/stm32f4xx_hal_gpio.o
LOAD ./Drivers/STM32F4xx_HAL_Driver/Src/stm32f4xx_hal_pwr.o
LOAD ./Drivers/STM32F4xx_HAL_Driver/Src/stm32f4xx_hal_pwr_ex.o
LOAD ./Drivers/STM32F4xx_HAL_Driver/Src/stm32f4xx_hal_rcc.o
LOAD ./Drivers/STM32F4xx_HAL_Driver/Src/stm32f4xx_hal_rcc_ex.o
LOAD ./Drivers/STM32F4xx_HAL_Driver/Src/stm32f4xx_hal_tim.o
LOAD ./Drivers/STM32F4xx_HAL_Driver/Src/stm32f4xx_hal_tim_ex.o
START GROUP
LOAD c:/st/stm32cubeide_1.8.0/stm32cubeide/plugins/com.st.stm32cube.ide.mcu.externaltools.gnu-tools-for-stm32.9-2020-q2-update.win32_2.0.0.202105311346/tools/bin/../lib/gcc/arm-none-eabi/9.3.1/../../../../arm-none-eabi/lib/thumb/v7e-m+fp/hard\libc_nano.a
LOAD c:/st/stm32cubeide_1.8.0/stm32cubeide/plugins/com.st.stm32cube.ide.mcu.externaltools.gnu-tools-for-stm32.9-2020-q2-update.win32_2.0.0.202105311346/tools/bin/../lib/gcc/arm-none-eabi/9.3.1/../../../../arm-none-eabi/lib/thumb/v7e-m+fp/hard\libm.a
END GROUP
START GROUP
LOAD c:/st/stm32cubeide_1.8.0/stm32cubeide/plugins/com.st.stm32cube.ide.mcu.externaltools.gnu-tools-for-stm32.9-2020-q2-update.win32_2.0.0.202105311346/tools/bin/../lib/gcc/arm-none-eabi/9.3.1/thumb/v7e-m+fp/hard\libgcc.a
LOAD c:/st/stm32cubeide_1.8.0/stm32cubeide/plugins/com.st.stm32cube.ide.mcu.externaltools.gnu-tools-for-stm32.9-2020-q2-update.win32_2.0.0.202105311346/tools/bin/../lib/gcc/arm-none-eabi/9.3.1/../../../../arm-none-eabi/lib/thumb/v7e-m+fp/hard\libc_nano.a
END GROUP
START GROUP
LOAD c:/st/stm32cubeide_1.8.0/stm32cubeide/plugins/com.st.stm32cube.ide.mcu.externaltools.gnu-tools-for-stm32.9-2020-q2-update.win32_2.0.0.202105311346/tools/bin/../lib/gcc/arm-none-eabi/9.3.1/thumb/v7e-m+fp/hard\libgcc.a
LOAD c:/st/stm32cubeide_1.8.0/stm32cubeide/plugins/com.st.stm32cube.ide.mcu.externaltools.gnu-tools-for-stm32.9-2020-q2-update.win32_2.0.0.202105311346/tools/bin/../lib/gcc/arm-none-eabi/9.3.1/../../../../arm-none-eabi/lib/thumb/v7e-m+fp/hard\libc_nano.a
LOAD c:/st/stm32cubeide_1.8.0/stm32cubeide/plugins/com.st.stm32cube.ide.mcu.externaltools.gnu-tools-for-stm32.9-2020-q2-update.win32_2.0.0.202105311346/tools/bin/../lib/gcc/arm-none-eabi/9.3.1/../../../../arm-none-eabi/lib/thumb/v7e-m+fp/hard\libnosys.a
END GROUP
START GROUP
LOAD c:/st/stm32cubeide_1.8.0/stm32cubeide/plugins/com.st.stm32cube.ide.mcu.externaltools.gnu-tools-for-stm32.9-2020-q2-update.win32_2.0.0.202105311346/tools/bin/../lib/gcc/arm-none-eabi/9.3.1/thumb/v7e-m+fp/hard\libgcc.a
LOAD c:/st/stm32cubeide_1.8.0/stm32cubeide/plugins/com.st.stm32cube.ide.mcu.externaltools.gnu-tools-for-stm32.9-2020-q2-update.win32_2.0.0.202105311346/tools/bin/../lib/gcc/arm-none-eabi/9.3.1/../../../../arm-none-eabi/lib/thumb/v7e-m+fp/hard\libc_nano.a
LOAD c:/st/stm32cubeide_1.8.0/stm32cubeide/plugins/com.st.stm32cube.ide.mcu.externaltools.gnu-tools-for-stm32.9-2020-q2-update.win32_2.0.0.202105311346/tools/bin/../lib/gcc/arm-none-eabi/9.3.1/../../../../arm-none-eabi/lib/thumb/v7e-m+fp/hard\libnosys.a
END GROUP
LOAD c:/st/stm32cubeide_1.8.0/stm32cubeide/plugins/com.st.stm32cube.ide.mcu.externaltools.gnu-tools-for-stm32.9-2020-q2-update.win32_2.0.0.202105311346/tools/bin/../lib/gcc/arm-none-eabi/9.3.1/thumb/v7e-m+fp/hard/crtend.o
LOAD c:/st/stm32cubeide_1.8.0/stm32cubeide/plugins/com.st.stm32cube.ide.mcu.externaltools.gnu-tools-for-stm32.9-2020-q2-update.win32_2.0.0.202105311346/tools/bin/../lib/gcc/arm-none-eabi/9.3.1/thumb/v7e-m+fp/hard/crtn.o
                0x0000000020020000                _estack = (ORIGIN (RAM) + LENGTH (RAM))
                0x0000000000000200                _Min_Heap_Size = 0x200
                0x0000000000000400                _Min_Stack_Size = 0x400

.isr_vector     0x0000000008000000      0x1c4
                0x0000000008000000                . = ALIGN (0x4)
 *(.isr_vector)
 .isr_vector    0x0000000008000000      0x1c4 ./Core/Startup/startup_stm32f446retx.o
                0x0000000008000000                g_pfnVectors
                0x00000000080001c4                . = ALIGN (0x4)

.text           0x00000000080001c4     0x2ca8
                0x00000000080001c4                . = ALIGN (0x4)
 *(.text)
 .text          0x00000000080001c4       0x40 c:/st/stm32cubeide_1.8.0/stm32cubeide/plugins/com.st.stm32cube.ide.mcu.externaltools.gnu-tools-for-stm32.9-2020-q2-update.win32_2.0.0.202105311346/tools/bin/../lib/gcc/arm-none-eabi/9.3.1/thumb/v7e-m+fp/hard/crtbegin.o
 .text          0x0000000008000204       0x30 c:/st/stm32cubeide_1.8.0/stm32cubeide/plugins/com.st.stm32cube.ide.mcu.externaltools.gnu-tools-for-stm32.9-2020-q2-update.win32_2.0.0.202105311346/tools/bin/../lib/gcc/arm-none-eabi/9.3.1/thumb/v7e-m+fp/hard\libgcc.a(_aeabi_uldivmod.o)
                0x0000000008000204                __aeabi_uldivmod
 .text          0x0000000008000234      0x2c4 c:/st/stm32cubeide_1.8.0/stm32cubeide/plugins/com.st.stm32cube.ide.mcu.externaltools.gnu-tools-for-stm32.9-2020-q2-update.win32_2.0.0.202105311346/tools/bin/../lib/gcc/arm-none-eabi/9.3.1/thumb/v7e-m+fp/hard\libgcc.a(_udivmoddi4.o)
                0x0000000008000234                __udivmoddi4
 .text          0x00000000080004f8        0x4 c:/st/stm32cubeide_1.8.0/stm32cubeide/plugins/com.st.stm32cube.ide.mcu.externaltools.gnu-tools-for-stm32.9-2020-q2-update.win32_2.0.0.202105311346/tools/bin/../lib/gcc/arm-none-eabi/9.3.1/thumb/v7e-m+fp/hard\libgcc.a(_dvmd_tls.o)
                0x00000000080004f8                __aeabi_idiv0
                0x00000000080004f8                __aeabi_ldiv0
 *(.text*)
 .text.Throughput_Init
                0x00000000080004fc       0x58 ./Core/Src/Throughput/throughput.o
                0x00000000080004fc                Throughput_Init
 .text.Throughput_Test
                0x0000000008000554       0x68 ./Core/Src/Throughput/throughput.o
                0x0000000008000554                Throughput_Test
 .text._average
                0x00000000080005bc       0x28 ./Core/Src/Throughput/throughput.o
 .text._test    0x00000000080005e4       0x94 ./Core/Src/Throughput/throughput.o
 .text._tester_memcpy
                0x0000000008000678       0x24 ./Core/Src/Throughput/throughput.o
 .text._tester_dma
                0x000000000800069c       0x44 ./Core/Src/Throughput/throughput.o
 .text.TransferComplete
                0x00000000080006e0       0x20 ./Core/Src/Throughput/throughput.o
 .text.TransferError
                0x0000000008000700       0x20 ./Core/Src/Throughput/throughput.o
 .text.MX_DMA_Init
                0x0000000008000720       0xac ./Core/Src/dma.o
                0x0000000008000720                MX_DMA_Init
 .text.MX_GPIO_Init
                0x00000000080007cc       0xfc ./Core/Src/gpio.o
                0x00000000080007cc                MX_GPIO_Init
 .text.main     0x00000000080008c8       0x2c ./Core/Src/main.o
                0x00000000080008c8                main
 .text.SystemClock_Config
                0x00000000080008f4       0xe4 ./Core/Src/main.o
                0x00000000080008f4                SystemClock_Config
 .text.Error_Handler
                0x00000000080009d8        0xa ./Core/Src/main.o
                0x00000000080009d8                Error_Handler
 .text.assert_failed
                0x00000000080009e2       0x16 ./Core/Src/main.o
                0x00000000080009e2                assert_failed
 .text.HAL_MspInit
                0x00000000080009f8       0x50 ./Core/Src/stm32f4xx_hal_msp.o
                0x00000000080009f8                HAL_MspInit
 .text.NMI_Handler
                0x0000000008000a48        0x6 ./Core/Src/stm32f4xx_it.o
                0x0000000008000a48                NMI_Handler
 .text.HardFault_Handler
                0x0000000008000a4e        0x6 ./Core/Src/stm32f4xx_it.o
                0x0000000008000a4e                HardFault_Handler
 .text.MemManage_Handler
                0x0000000008000a54        0x6 ./Core/Src/stm32f4xx_it.o
                0x0000000008000a54                MemManage_Handler
 .text.BusFault_Handler
                0x0000000008000a5a        0x6 ./Core/Src/stm32f4xx_it.o
                0x0000000008000a5a                BusFault_Handler
 .text.UsageFault_Handler
                0x0000000008000a60        0x6 ./Core/Src/stm32f4xx_it.o
                0x0000000008000a60                UsageFault_Handler
 .text.SVC_Handler
                0x0000000008000a66        0xe ./Core/Src/stm32f4xx_it.o
                0x0000000008000a66                SVC_Handler
 .text.DebugMon_Handler
                0x0000000008000a74        0xe ./Core/Src/stm32f4xx_it.o
                0x0000000008000a74                DebugMon_Handler
 .text.PendSV_Handler
                0x0000000008000a82        0xe ./Core/Src/stm32f4xx_it.o
                0x0000000008000a82                PendSV_Handler
 .text.SysTick_Handler
                0x0000000008000a90        0xc ./Core/Src/stm32f4xx_it.o
                0x0000000008000a90                SysTick_Handler
 .text.DMA2_Stream0_IRQHandler
                0x0000000008000a9c       0x14 ./Core/Src/stm32f4xx_it.o
                0x0000000008000a9c                DMA2_Stream0_IRQHandler
 .text.SystemInit
                0x0000000008000ab0       0x24 ./Core/Src/system_stm32f4xx.o
                0x0000000008000ab0                SystemInit
 .text.Reset_Handler
                0x0000000008000ad4       0x50 ./Core/Startup/startup_stm32f446retx.o
                0x0000000008000ad4                Reset_Handler
 .text.Default_Handler
                0x0000000008000b24        0x2 ./Core/Startup/startup_stm32f446retx.o
                0x0000000008000b24                RTC_Alarm_IRQHandler
                0x0000000008000b24                EXTI2_IRQHandler
                0x0000000008000b24                TIM8_CC_IRQHandler
                0x0000000008000b24                FMPI2C1_EV_IRQHandler
                0x0000000008000b24                SPI4_IRQHandler
                0x0000000008000b24                TIM1_CC_IRQHandler
                0x0000000008000b24                DMA2_Stream5_IRQHandler
                0x0000000008000b24                DMA1_Stream5_IRQHandler
                0x0000000008000b24                PVD_IRQHandler
                0x0000000008000b24                SDIO_IRQHandler
                0x0000000008000b24                TAMP_STAMP_IRQHandler
                0x0000000008000b24                CAN2_RX1_IRQHandler
                0x0000000008000b24                EXTI3_IRQHandler
                0x0000000008000b24                TIM8_TRG_COM_TIM14_IRQHandler
                0x0000000008000b24                TIM1_UP_TIM10_IRQHandler
                0x0000000008000b24                TIM8_UP_TIM13_IRQHandler
                0x0000000008000b24                I2C3_ER_IRQHandler
                0x0000000008000b24                EXTI0_IRQHandler
                0x0000000008000b24                I2C2_EV_IRQHandler
                0x0000000008000b24                DMA1_Stream2_IRQHandler
                0x0000000008000b24                CAN1_RX0_IRQHandler
                0x0000000008000b24                FPU_IRQHandler
                0x0000000008000b24                OTG_HS_WKUP_IRQHandler
                0x0000000008000b24                CAN2_SCE_IRQHandler
                0x0000000008000b24                DMA2_Stream2_IRQHandler
                0x0000000008000b24                SPI1_IRQHandler
                0x0000000008000b24                TIM6_DAC_IRQHandler
                0x0000000008000b24                TIM1_BRK_TIM9_IRQHandler
                0x0000000008000b24                DCMI_IRQHandler
                0x0000000008000b24                CAN2_RX0_IRQHandler
                0x0000000008000b24                DMA2_Stream3_IRQHandler
                0x0000000008000b24                SAI2_IRQHandler
                0x0000000008000b24                USART6_IRQHandler
                0x0000000008000b24                USART3_IRQHandler
                0x0000000008000b24                CAN1_RX1_IRQHandler
                0x0000000008000b24                UART5_IRQHandler
                0x0000000008000b24                TIM4_IRQHandler
                0x0000000008000b24                QUADSPI_IRQHandler
                0x0000000008000b24                I2C1_EV_IRQHandler
                0x0000000008000b24                DMA1_Stream6_IRQHandler
                0x0000000008000b24                DMA1_Stream1_IRQHandler
                0x0000000008000b24                UART4_IRQHandler
                0x0000000008000b24                TIM3_IRQHandler
                0x0000000008000b24                RCC_IRQHandler
                0x0000000008000b24                TIM8_BRK_TIM12_IRQHandler
                0x0000000008000b24                Default_Handler
                0x0000000008000b24                CEC_IRQHandler
                0x0000000008000b24                EXTI15_10_IRQHandler
                0x0000000008000b24                ADC_IRQHandler
                0x0000000008000b24                DMA1_Stream7_IRQHandler
                0x0000000008000b24                TIM7_IRQHandler
                0x0000000008000b24                CAN2_TX_IRQHandler
                0x0000000008000b24                TIM5_IRQHandler
                0x0000000008000b24                DMA2_Stream7_IRQHandler
                0x0000000008000b24                I2C3_EV_IRQHandler
                0x0000000008000b24                EXTI9_5_IRQHandler
                0x0000000008000b24                RTC_WKUP_IRQHandler
                0x0000000008000b24                SPDIF_RX_IRQHandler
                0x0000000008000b24                SPI2_IRQHandler
                0x0000000008000b24                OTG_HS_EP1_IN_IRQHandler
                0x0000000008000b24                DMA1_Stream0_IRQHandler
                0x0000000008000b24                CAN1_TX_IRQHandler
                0x0000000008000b24                FMPI2C1_ER_IRQHandler
                0x0000000008000b24                EXTI4_IRQHandler
                0x0000000008000b24                OTG_HS_EP1_OUT_IRQHandler
                0x0000000008000b24                WWDG_IRQHandler
                0x0000000008000b24                TIM2_IRQHandler
                0x0000000008000b24                OTG_FS_WKUP_IRQHandler
                0x0000000008000b24                TIM1_TRG_COM_TIM11_IRQHandler
                0x0000000008000b24                OTG_HS_IRQHandler
                0x0000000008000b24                EXTI1_IRQHandler
                0x0000000008000b24                USART2_IRQHandler
                0x0000000008000b24                I2C2_ER_IRQHandler
                0x0000000008000b24                DMA2_Stream1_IRQHandler
                0x0000000008000b24                CAN1_SCE_IRQHandler
                0x0000000008000b24                FLASH_IRQHandler
                0x0000000008000b24                DMA2_Stream4_IRQHandler
                0x0000000008000b24                USART1_IRQHandler
                0x0000000008000b24                OTG_FS_IRQHandler
                0x0000000008000b24                SPI3_IRQHandler
                0x0000000008000b24                DMA1_Stream4_IRQHandler
                0x0000000008000b24                I2C1_ER_IRQHandler
                0x0000000008000b24                FMC_IRQHandler
                0x0000000008000b24                DMA2_Stream6_IRQHandler
                0x0000000008000b24                SAI1_IRQHandler
                0x0000000008000b24                DMA1_Stream3_IRQHandler
 *fill*         0x0000000008000b26        0x2 
 .text.HAL_Init
                0x0000000008000b28       0x44 ./Drivers/STM32F4xx_HAL_Driver/Src/stm32f4xx_hal.o
                0x0000000008000b28                HAL_Init
 .text.HAL_InitTick
                0x0000000008000b6c       0x60 ./Drivers/STM32F4xx_HAL_Driver/Src/stm32f4xx_hal.o
                0x0000000008000b6c                HAL_InitTick
 .text.HAL_IncTick
                0x0000000008000bcc       0x28 ./Drivers/STM32F4xx_HAL_Driver/Src/stm32f4xx_hal.o
                0x0000000008000bcc                HAL_IncTick
 .text.HAL_GetTick
                0x0000000008000bf4       0x18 ./Drivers/STM32F4xx_HAL_Driver/Src/stm32f4xx_hal.o
                0x0000000008000bf4                HAL_GetTick
 .text.__NVIC_SetPriorityGrouping
                0x0000000008000c0c       0x48 ./Drivers/STM32F4xx_HAL_Driver/Src/stm32f4xx_hal_cortex.o
 .text.__NVIC_GetPriorityGrouping
                0x0000000008000c54       0x1c ./Drivers/STM32F4xx_HAL_Driver/Src/stm32f4xx_hal_cortex.o
 .text.__NVIC_EnableIRQ
                0x0000000008000c70       0x3c ./Drivers/STM32F4xx_HAL_Driver/Src/stm32f4xx_hal_cortex.o
 .text.__NVIC_SetPriority
                0x0000000008000cac       0x54 ./Drivers/STM32F4xx_HAL_Driver/Src/stm32f4xx_hal_cortex.o
 .text.NVIC_EncodePriority
                0x0000000008000d00       0x66 ./Drivers/STM32F4xx_HAL_Driver/Src/stm32f4xx_hal_cortex.o
 *fill*         0x0000000008000d66        0x2 
 .text.SysTick_Config
                0x0000000008000d68       0x44 ./Drivers/STM32F4xx_HAL_Driver/Src/stm32f4xx_hal_cortex.o
 .text.HAL_NVIC_SetPriorityGrouping
                0x0000000008000dac       0x40 ./Drivers/STM32F4xx_HAL_Driver/Src/stm32f4xx_hal_cortex.o
                0x0000000008000dac                HAL_NVIC_SetPriorityGrouping
 .text.HAL_NVIC_SetPriority
                0x0000000008000dec       0x58 ./Drivers/STM32F4xx_HAL_Driver/Src/stm32f4xx_hal_cortex.o
                0x0000000008000dec                HAL_NVIC_SetPriority
 .text.HAL_NVIC_EnableIRQ
                0x0000000008000e44       0x30 ./Drivers/STM32F4xx_HAL_Driver/Src/stm32f4xx_hal_cortex.o
                0x0000000008000e44                HAL_NVIC_EnableIRQ
 .text.HAL_SYSTICK_Config
                0x0000000008000e74       0x18 ./Drivers/STM32F4xx_HAL_Driver/Src/stm32f4xx_hal_cortex.o
                0x0000000008000e74                HAL_SYSTICK_Config
 .text.HAL_DMA_Init
                0x0000000008000e8c      0x438 ./Drivers/STM32F4xx_HAL_Driver/Src/stm32f4xx_hal_dma.o
                0x0000000008000e8c                HAL_DMA_Init
 .text.HAL_DMA_Start_IT
                0x00000000080012c4       0xcc ./Drivers/STM32F4xx_HAL_Driver/Src/stm32f4xx_hal_dma.o
                0x00000000080012c4                HAL_DMA_Start_IT
 .text.HAL_DMA_IRQHandler
                0x0000000008001390      0x314 ./Drivers/STM32F4xx_HAL_Driver/Src/stm32f4xx_hal_dma.o
                0x0000000008001390                HAL_DMA_IRQHandler
 .text.HAL_DMA_RegisterCallback
                0x00000000080016a4       0xa8 ./Drivers/STM32F4xx_HAL_Driver/Src/stm32f4xx_hal_dma.o
                0x00000000080016a4                HAL_DMA_RegisterCallback
 .text.DMA_SetConfig
                0x000000000800174c       0x5c ./Drivers/STM32F4xx_HAL_Driver/Src/stm32f4xx_hal_dma.o
 .text.DMA_CalcBaseAndBitshift
                0x00000000080017a8       0x6c ./Drivers/STM32F4xx_HAL_Driver/Src/stm32f4xx_hal_dma.o
 .text.DMA_CheckFifoParam
                0x0000000008001814       0xf8 ./Drivers/STM32F4xx_HAL_Driver/Src/stm32f4xx_hal_dma.o
 .text.HAL_GPIO_Init
                0x000000000800190c      0x648 ./Drivers/STM32F4xx_HAL_Driver/Src/stm32f4xx_hal_gpio.o
                0x000000000800190c                HAL_GPIO_Init
 .text.HAL_GPIO_WritePin
                0x0000000008001f54       0x64 ./Drivers/STM32F4xx_HAL_Driver/Src/stm32f4xx_hal_gpio.o
                0x0000000008001f54                HAL_GPIO_WritePin
 .text.HAL_PWREx_EnableOverDrive
                0x0000000008001fb8       0xa0 ./Drivers/STM32F4xx_HAL_Driver/Src/stm32f4xx_hal_pwr_ex.o
                0x0000000008001fb8                HAL_PWREx_EnableOverDrive
 .text.HAL_RCC_ClockConfig
                0x0000000008002058      0x34c ./Drivers/STM32F4xx_HAL_Driver/Src/stm32f4xx_hal_rcc.o
                0x0000000008002058                HAL_RCC_ClockConfig
 .text.HAL_RCC_GetSysClockFreq
                0x00000000080023a4      0x364 ./Drivers/STM32F4xx_HAL_Driver/Src/stm32f4xx_hal_rcc_ex.o
                0x00000000080023a4                HAL_RCC_GetSysClockFreq
 .text.HAL_RCC_OscConfig
                0x0000000008002708      0x6bc ./Drivers/STM32F4xx_HAL_Driver/Src/stm32f4xx_hal_rcc_ex.o
                0x0000000008002708                HAL_RCC_OscConfig
 .text.__libc_init_array
                0x0000000008002dc4       0x48 c:/st/stm32cubeide_1.8.0/stm32cubeide/plugins/com.st.stm32cube.ide.mcu.externaltools.gnu-tools-for-stm32.9-2020-q2-update.win32_2.0.0.202105311346/tools/bin/../lib/gcc/arm-none-eabi/9.3.1/../../../../arm-none-eabi/lib/thumb/v7e-m+fp/hard\libc_nano.a(lib_a-init.o)
                0x0000000008002dc4                __libc_init_array
 .text.memcmp   0x0000000008002e0c       0x1c c:/st/stm32cubeide_1.8.0/stm32cubeide/plugins/com.st.stm32cube.ide.mcu.externaltools.gnu-tools-for-stm32.9-2020-q2-update.win32_2.0.0.202105311346/tools/bin/../lib/gcc/arm-none-eabi/9.3.1/../../../../arm-none-eabi/lib/thumb/v7e-m+fp/hard\libc_nano.a(lib_a-memcmp.o)
                0x0000000008002e0c                memcmp
 .text.memcpy   0x0000000008002e28       0x1c c:/st/stm32cubeide_1.8.0/stm32cubeide/plugins/com.st.stm32cube.ide.mcu.externaltools.gnu-tools-for-stm32.9-2020-q2-update.win32_2.0.0.202105311346/tools/bin/../lib/gcc/arm-none-eabi/9.3.1/../../../../arm-none-eabi/lib/thumb/v7e-m+fp/hard\libc_nano.a(lib_a-memcpy-stub.o)
                0x0000000008002e28                memcpy
 .text.memset   0x0000000008002e44       0x10 c:/st/stm32cubeide_1.8.0/stm32cubeide/plugins/com.st.stm32cube.ide.mcu.externaltools.gnu-tools-for-stm32.9-2020-q2-update.win32_2.0.0.202105311346/tools/bin/../lib/gcc/arm-none-eabi/9.3.1/../../../../arm-none-eabi/lib/thumb/v7e-m+fp/hard\libc_nano.a(lib_a-memset.o)
                0x0000000008002e44                memset
 *(.glue_7)
 .glue_7        0x0000000008002e54        0x0 linker stubs
 *(.glue_7t)
 .glue_7t       0x0000000008002e54        0x0 linker stubs
 *(.eh_frame)
 .eh_frame      0x0000000008002e54        0x0 c:/st/stm32cubeide_1.8.0/stm32cubeide/plugins/com.st.stm32cube.ide.mcu.externaltools.gnu-tools-for-stm32.9-2020-q2-update.win32_2.0.0.202105311346/tools/bin/../lib/gcc/arm-none-eabi/9.3.1/thumb/v7e-m+fp/hard/crtbegin.o
 *(.init)
 .init          0x0000000008002e54        0x4 c:/st/stm32cubeide_1.8.0/stm32cubeide/plugins/com.st.stm32cube.ide.mcu.externaltools.gnu-tools-for-stm32.9-2020-q2-update.win32_2.0.0.202105311346/tools/bin/../lib/gcc/arm-none-eabi/9.3.1/thumb/v7e-m+fp/hard/crti.o
                0x0000000008002e54                _init
 .init          0x0000000008002e58        0x8 c:/st/stm32cubeide_1.8.0/stm32cubeide/plugins/com.st.stm32cube.ide.mcu.externaltools.gnu-tools-for-stm32.9-2020-q2-update.win32_2.0.0.202105311346/tools/bin/../lib/gcc/arm-none-eabi/9.3.1/thumb/v7e-m+fp/hard/crtn.o
 *(.fini)
 .fini          0x0000000008002e60        0x4 c:/st/stm32cubeide_1.8.0/stm32cubeide/plugins/com.st.stm32cube.ide.mcu.externaltools.gnu-tools-for-stm32.9-2020-q2-update.win32_2.0.0.202105311346/tools/bin/../lib/gcc/arm-none-eabi/9.3.1/thumb/v7e-m+fp/hard/crti.o
                0x0000000008002e60                _fini
 .fini          0x0000000008002e64        0x8 c:/st/stm32cubeide_1.8.0/stm32cubeide/plugins/com.st.stm32cube.ide.mcu.externaltools.gnu-tools-for-stm32.9-2020-q2-update.win32_2.0.0.202105311346/tools/bin/../lib/gcc/arm-none-eabi/9.3.1/thumb/v7e-m+fp/hard/crtn.o
                0x0000000008002e6c                . = ALIGN (0x4)
                0x0000000008002e6c                _etext = .

.vfp11_veneer   0x0000000008002e6c        0x0
 .vfp11_veneer  0x0000000008002e6c        0x0 linker stubs

.v4_bx          0x0000000008002e6c        0x0
 .v4_bx         0x0000000008002e6c        0x0 linker stubs

.iplt           0x0000000008002e6c        0x0
 .iplt          0x0000000008002e6c        0x0 c:/st/stm32cubeide_1.8.0/stm32cubeide/plugins/com.st.stm32cube.ide.mcu.externaltools.gnu-tools-for-stm32.9-2020-q2-update.win32_2.0.0.202105311346/tools/bin/../lib/gcc/arm-none-eabi/9.3.1/thumb/v7e-m+fp/hard/crtbegin.o

.rodata         0x0000000008002e6c      0x13c
                0x0000000008002e6c                . = ALIGN (0x4)
 *(.rodata)
 .rodata        0x0000000008002e6c       0x3b ./Drivers/STM32F4xx_HAL_Driver/Src/stm32f4xx_hal_cortex.o
 *fill*         0x0000000008002ea7        0x1 
 .rodata        0x0000000008002ea8       0x38 ./Drivers/STM32F4xx_HAL_Driver/Src/stm32f4xx_hal_dma.o
 .rodata        0x0000000008002ee0       0x39 ./Drivers/STM32F4xx_HAL_Driver/Src/stm32f4xx_hal_gpio.o
 *fill*         0x0000000008002f19        0x3 
 .rodata        0x0000000008002f1c       0x38 ./Drivers/STM32F4xx_HAL_Driver/Src/stm32f4xx_hal_rcc.o
 .rodata        0x0000000008002f54       0x3b ./Drivers/STM32F4xx_HAL_Driver/Src/stm32f4xx_hal_rcc_ex.o
 *(.rodata*)
 *fill*         0x0000000008002f8f        0x1 
 .rodata.AHBPrescTable
                0x0000000008002f90       0x10 ./Core/Src/system_stm32f4xx.o
                0x0000000008002f90                AHBPrescTable
 .rodata.flagBitshiftOffset.7685
                0x0000000008002fa0        0x8 ./Drivers/STM32F4xx_HAL_Driver/Src/stm32f4xx_hal_dma.o
                0x0000000008002fa8                . = ALIGN (0x4)

.ARM.extab      0x0000000008002fa8        0x0
                0x0000000008002fa8                . = ALIGN (0x4)
 *(.ARM.extab* .gnu.linkonce.armextab.*)
                0x0000000008002fa8                . = ALIGN (0x4)

.ARM            0x0000000008002fa8        0x8
                0x0000000008002fa8                . = ALIGN (0x4)
                0x0000000008002fa8                __exidx_start = .
 *(.ARM.exidx*)
 .ARM.exidx     0x0000000008002fa8        0x8 c:/st/stm32cubeide_1.8.0/stm32cubeide/plugins/com.st.stm32cube.ide.mcu.externaltools.gnu-tools-for-stm32.9-2020-q2-update.win32_2.0.0.202105311346/tools/bin/../lib/gcc/arm-none-eabi/9.3.1/thumb/v7e-m+fp/hard\libgcc.a(_udivmoddi4.o)
                0x0000000008002fb0                __exidx_end = .
                0x0000000008002fb0                . = ALIGN (0x4)

.rel.dyn        0x0000000008002fb0        0x0
 .rel.iplt      0x0000000008002fb0        0x0 c:/st/stm32cubeide_1.8.0/stm32cubeide/plugins/com.st.stm32cube.ide.mcu.externaltools.gnu-tools-for-stm32.9-2020-q2-update.win32_2.0.0.202105311346/tools/bin/../lib/gcc/arm-none-eabi/9.3.1/thumb/v7e-m+fp/hard/crtbegin.o

.preinit_array  0x0000000008002fb0        0x0
                0x0000000008002fb0                . = ALIGN (0x4)
                0x0000000008002fb0                PROVIDE (__preinit_array_start = .)
 *(.preinit_array*)
                0x0000000008002fb0                PROVIDE (__preinit_array_end = .)
                0x0000000008002fb0                . = ALIGN (0x4)

.init_array     0x0000000008002fb0        0x4
                0x0000000008002fb0                . = ALIGN (0x4)
                0x0000000008002fb0                PROVIDE (__init_array_start = .)
 *(SORT_BY_NAME(.init_array.*))
 *(.init_array*)
 .init_array    0x0000000008002fb0        0x4 c:/st/stm32cubeide_1.8.0/stm32cubeide/plugins/com.st.stm32cube.ide.mcu.externaltools.gnu-tools-for-stm32.9-2020-q2-update.win32_2.0.0.202105311346/tools/bin/../lib/gcc/arm-none-eabi/9.3.1/thumb/v7e-m+fp/hard/crtbegin.o
                0x0000000008002fb4                PROVIDE (__init_array_end = .)
                0x0000000008002fb4                . = ALIGN (0x4)

.fini_array     0x0000000008002fb4        0x4
                0x0000000008002fb4                . = ALIGN (0x4)
                [!provide]                        PROVIDE (__fini_array_start = .)
 *(SORT_BY_NAME(.fini_array.*))
 *(.fini_array*)
 .fini_array    0x0000000008002fb4        0x4 c:/st/stm32cubeide_1.8.0/stm32cubeide/plugins/com.st.stm32cube.ide.mcu.externaltools.gnu-tools-for-stm32.9-2020-q2-update.win32_2.0.0.202105311346/tools/bin/../lib/gcc/arm-none-eabi/9.3.1/thumb/v7e-m+fp/hard/crtbegin.o
                [!provide]                        PROVIDE (__fini_array_end = .)
                0x0000000008002fb8                . = ALIGN (0x4)
                0x0000000008002fb8                _sidata = LOADADDR (.data)

.data           0x0000000020000000       0x14 load address 0x0000000008002fb8
                0x0000000020000000                . = ALIGN (0x4)
                0x0000000020000000                _sdata = .
 *(.data)
 *(.data*)
 .data.sram2    0x0000000020000000        0x4 ./Core/Src/Throughput/throughput.o
 .data.hdma     0x0000000020000004        0x4 ./Core/Src/Throughput/throughput.o
 .data.SystemCoreClock
                0x0000000020000008        0x4 ./Core/Src/system_stm32f4xx.o
                0x0000000020000008                SystemCoreClock
 .data.uwTickPrio
                0x000000002000000c        0x4 ./Drivers/STM32F4xx_HAL_Driver/Src/stm32f4xx_hal.o
                0x000000002000000c                uwTickPrio
 .data.uwTickFreq
                0x0000000020000010        0x1 ./Drivers/STM32F4xx_HAL_Driver/Src/stm32f4xx_hal.o
                0x0000000020000010                uwTickFreq
 *(.RamFunc)
 *(.RamFunc*)
                0x0000000020000014                . = ALIGN (0x4)
 *fill*         0x0000000020000011        0x3 
                0x0000000020000014                _edata = .

.igot.plt       0x0000000020000014        0x0 load address 0x0000000008002fcc
 .igot.plt      0x0000000020000014        0x0 c:/st/stm32cubeide_1.8.0/stm32cubeide/plugins/com.st.stm32cube.ide.mcu.externaltools.gnu-tools-for-stm32.9-2020-q2-update.win32_2.0.0.202105311346/tools/bin/../lib/gcc/arm-none-eabi/9.3.1/thumb/v7e-m+fp/hard/crtbegin.o
                0x0000000020000014                . = ALIGN (0x4)

.bss            0x0000000020000014      0x7ac load address 0x0000000008002fcc
                0x0000000020000014                _sbss = .
                0x0000000020000014                __bss_start__ = _sbss
 *(.bss)
 .bss           0x0000000020000014       0x1c c:/st/stm32cubeide_1.8.0/stm32cubeide/plugins/com.st.stm32cube.ide.mcu.externaltools.gnu-tools-for-stm32.9-2020-q2-update.win32_2.0.0.202105311346/tools/bin/../lib/gcc/arm-none-eabi/9.3.1/thumb/v7e-m+fp/hard/crtbegin.o
 *(.bss*)
 .bss.ts_memcpy
                0x0000000020000030        0xc ./Core/Src/Throughput/throughput.o
                0x0000000020000030                ts_memcpy
 .bss.ts_dma    0x000000002000003c        0xc ./Core/Src/Throughput/throughput.o
                0x000000002000003c                ts_dma
 .bss.sram1     0x0000000020000048      0x70a ./Core/Src/Throughput/throughput.o
 *fill*         0x0000000020000752        0x2 
 .bss.transferError
                0x0000000020000754        0x4 ./Core/Src/Throughput/throughput.o
 .bss.transferComplete
                0x0000000020000758        0x4 ./Core/Src/Throughput/throughput.o
 *(COMMON)
 COMMON         0x000000002000075c       0x60 ./Core/Src/dma.o
                0x000000002000075c                hdma_memtomem_dma2_stream0
 COMMON         0x00000000200007bc        0x4 ./Drivers/STM32F4xx_HAL_Driver/Src/stm32f4xx_hal.o
                0x00000000200007bc                uwTick
                0x00000000200007c0                . = ALIGN (0x4)
                0x00000000200007c0                _ebss = .
                0x00000000200007c0                __bss_end__ = _ebss

._user_heap_stack
                0x00000000200007c0      0x600 load address 0x0000000008002fcc
                0x00000000200007c0                . = ALIGN (0x8)
                [!provide]                        PROVIDE (end = .)
                0x00000000200007c0                PROVIDE (_end = .)
                0x00000000200009c0                . = (. + _Min_Heap_Size)
 *fill*         0x00000000200007c0      0x200 
                0x0000000020000dc0                . = (. + _Min_Stack_Size)
 *fill*         0x00000000200009c0      0x400 
                0x0000000020000dc0                . = ALIGN (0x8)

/DISCARD/
 libc.a(*)
 libm.a(*)
 libgcc.a(*)

.ARM.attributes
                0x0000000000000000       0x30
 *(.ARM.attributes)
 .ARM.attributes
                0x0000000000000000       0x1e c:/st/stm32cubeide_1.8.0/stm32cubeide/plugins/com.st.stm32cube.ide.mcu.externaltools.gnu-tools-for-stm32.9-2020-q2-update.win32_2.0.0.202105311346/tools/bin/../lib/gcc/arm-none-eabi/9.3.1/thumb/v7e-m+fp/hard/crti.o
 .ARM.attributes
                0x000000000000001e       0x34 c:/st/stm32cubeide_1.8.0/stm32cubeide/plugins/com.st.stm32cube.ide.mcu.externaltools.gnu-tools-for-stm32.9-2020-q2-update.win32_2.0.0.202105311346/tools/bin/../lib/gcc/arm-none-eabi/9.3.1/thumb/v7e-m+fp/hard/crtbegin.o
 .ARM.attributes
                0x0000000000000052       0x34 ./Core/Src/Throughput/throughput.o
 .ARM.attributes
                0x0000000000000086       0x34 ./Core/Src/dma.o
 .ARM.attributes
                0x00000000000000ba       0x34 ./Core/Src/gpio.o
 .ARM.attributes
                0x00000000000000ee       0x34 ./Core/Src/main.o
 .ARM.attributes
                0x0000000000000122       0x34 ./Core/Src/stm32f4xx_hal_msp.o
 .ARM.attributes
                0x0000000000000156       0x34 ./Core/Src/stm32f4xx_it.o
 .ARM.attributes
                0x000000000000018a       0x34 ./Core/Src/system_stm32f4xx.o
 .ARM.attributes
                0x00000000000001be       0x21 ./Core/Startup/startup_stm32f446retx.o
 .ARM.attributes
                0x00000000000001df       0x34 ./Drivers/STM32F4xx_HAL_Driver/Src/stm32f4xx_hal.o
 .ARM.attributes
                0x0000000000000213       0x34 ./Drivers/STM32F4xx_HAL_Driver/Src/stm32f4xx_hal_cortex.o
 .ARM.attributes
                0x0000000000000247       0x34 ./Drivers/STM32F4xx_HAL_Driver/Src/stm32f4xx_hal_dma.o
 .ARM.attributes
                0x000000000000027b       0x34 ./Drivers/STM32F4xx_HAL_Driver/Src/stm32f4xx_hal_gpio.o
 .ARM.attributes
                0x00000000000002af       0x34 ./Drivers/STM32F4xx_HAL_Driver/Src/stm32f4xx_hal_pwr_ex.o
 .ARM.attributes
                0x00000000000002e3       0x34 ./Drivers/STM32F4xx_HAL_Driver/Src/stm32f4xx_hal_rcc.o
 .ARM.attributes
                0x0000000000000317       0x34 ./Drivers/STM32F4xx_HAL_Driver/Src/stm32f4xx_hal_rcc_ex.o
 .ARM.attributes
                0x000000000000034b       0x34 c:/st/stm32cubeide_1.8.0/stm32cubeide/plugins/com.st.stm32cube.ide.mcu.externaltools.gnu-tools-for-stm32.9-2020-q2-update.win32_2.0.0.202105311346/tools/bin/../lib/gcc/arm-none-eabi/9.3.1/../../../../arm-none-eabi/lib/thumb/v7e-m+fp/hard\libc_nano.a(lib_a-init.o)
 .ARM.attributes
                0x000000000000037f       0x34 c:/st/stm32cubeide_1.8.0/stm32cubeide/plugins/com.st.stm32cube.ide.mcu.externaltools.gnu-tools-for-stm32.9-2020-q2-update.win32_2.0.0.202105311346/tools/bin/../lib/gcc/arm-none-eabi/9.3.1/../../../../arm-none-eabi/lib/thumb/v7e-m+fp/hard\libc_nano.a(lib_a-memcmp.o)
 .ARM.attributes
                0x00000000000003b3       0x34 c:/st/stm32cubeide_1.8.0/stm32cubeide/plugins/com.st.stm32cube.ide.mcu.externaltools.gnu-tools-for-stm32.9-2020-q2-update.win32_2.0.0.202105311346/tools/bin/../lib/gcc/arm-none-eabi/9.3.1/../../../../arm-none-eabi/lib/thumb/v7e-m+fp/hard\libc_nano.a(lib_a-memcpy-stub.o)
 .ARM.attributes
                0x00000000000003e7       0x34 c:/st/stm32cubeide_1.8.0/stm32cubeide/plugins/com.st.stm32cube.ide.mcu.externaltools.gnu-tools-for-stm32.9-2020-q2-update.win32_2.0.0.202105311346/tools/bin/../lib/gcc/arm-none-eabi/9.3.1/../../../../arm-none-eabi/lib/thumb/v7e-m+fp/hard\libc_nano.a(lib_a-memset.o)
 .ARM.attributes
                0x000000000000041b       0x1e c:/st/stm32cubeide_1.8.0/stm32cubeide/plugins/com.st.stm32cube.ide.mcu.externaltools.gnu-tools-for-stm32.9-2020-q2-update.win32_2.0.0.202105311346/tools/bin/../lib/gcc/arm-none-eabi/9.3.1/thumb/v7e-m+fp/hard\libgcc.a(_aeabi_uldivmod.o)
 .ARM.attributes
                0x0000000000000439       0x34 c:/st/stm32cubeide_1.8.0/stm32cubeide/plugins/com.st.stm32cube.ide.mcu.externaltools.gnu-tools-for-stm32.9-2020-q2-update.win32_2.0.0.202105311346/tools/bin/../lib/gcc/arm-none-eabi/9.3.1/thumb/v7e-m+fp/hard\libgcc.a(_udivmoddi4.o)
 .ARM.attributes
                0x000000000000046d       0x1e c:/st/stm32cubeide_1.8.0/stm32cubeide/plugins/com.st.stm32cube.ide.mcu.externaltools.gnu-tools-for-stm32.9-2020-q2-update.win32_2.0.0.202105311346/tools/bin/../lib/gcc/arm-none-eabi/9.3.1/thumb/v7e-m+fp/hard\libgcc.a(_dvmd_tls.o)
 .ARM.attributes
                0x000000000000048b       0x1e c:/st/stm32cubeide_1.8.0/stm32cubeide/plugins/com.st.stm32cube.ide.mcu.externaltools.gnu-tools-for-stm32.9-2020-q2-update.win32_2.0.0.202105311346/tools/bin/../lib/gcc/arm-none-eabi/9.3.1/thumb/v7e-m+fp/hard/crtn.o
OUTPUT(vt-throughput-test.elf elf32-littlearm)
LOAD linker stubs
LOAD c:/st/stm32cubeide_1.8.0/stm32cubeide/plugins/com.st.stm32cube.ide.mcu.externaltools.gnu-tools-for-stm32.9-2020-q2-update.win32_2.0.0.202105311346/tools/bin/../lib/gcc/arm-none-eabi/9.3.1/../../../../arm-none-eabi/lib/thumb/v7e-m+fp/hard\libc.a
LOAD c:/st/stm32cubeide_1.8.0/stm32cubeide/plugins/com.st.stm32cube.ide.mcu.externaltools.gnu-tools-for-stm32.9-2020-q2-update.win32_2.0.0.202105311346/tools/bin/../lib/gcc/arm-none-eabi/9.3.1/../../../../arm-none-eabi/lib/thumb/v7e-m+fp/hard\libm.a
LOAD c:/st/stm32cubeide_1.8.0/stm32cubeide/plugins/com.st.stm32cube.ide.mcu.externaltools.gnu-tools-for-stm32.9-2020-q2-update.win32_2.0.0.202105311346/tools/bin/../lib/gcc/arm-none-eabi/9.3.1/thumb/v7e-m+fp/hard\libgcc.a

.debug_info     0x0000000000000000     0x7e87
 .debug_info    0x0000000000000000     0x10e9 ./Core/Src/Throughput/throughput.o
 .debug_info    0x00000000000010e9      0x8aa ./Core/Src/dma.o
 .debug_info    0x0000000000001993      0x54a ./Core/Src/gpio.o
 .debug_info    0x0000000000001edd      0x966 ./Core/Src/main.o
 .debug_info    0x0000000000002843      0x3cc ./Core/Src/stm32f4xx_hal_msp.o
 .debug_info    0x0000000000002c0f      0x4b7 ./Core/Src/stm32f4xx_it.o
 .debug_info    0x00000000000030c6      0x5dc ./Core/Src/system_stm32f4xx.o
 .debug_info    0x00000000000036a2       0x22 ./Core/Startup/startup_stm32f446retx.o
 .debug_info    0x00000000000036c4      0xa08 ./Drivers/STM32F4xx_HAL_Driver/Src/stm32f4xx_hal.o
 .debug_info    0x00000000000040cc      0xf0d ./Drivers/STM32F4xx_HAL_Driver/Src/stm32f4xx_hal_cortex.o
 .debug_info    0x0000000000004fd9      0x9f1 ./Drivers/STM32F4xx_HAL_Driver/Src/stm32f4xx_hal_dma.o
 .debug_info    0x00000000000059ca      0x892 ./Drivers/STM32F4xx_HAL_Driver/Src/stm32f4xx_hal_gpio.o
 .debug_info    0x000000000000625c      0x7ca ./Drivers/STM32F4xx_HAL_Driver/Src/stm32f4xx_hal_pwr_ex.o
 .debug_info    0x0000000000006a26      0x9db ./Drivers/STM32F4xx_HAL_Driver/Src/stm32f4xx_hal_rcc.o
 .debug_info    0x0000000000007401      0xa86 ./Drivers/STM32F4xx_HAL_Driver/Src/stm32f4xx_hal_rcc_ex.o

.debug_abbrev   0x0000000000000000     0x1ade
 .debug_abbrev  0x0000000000000000      0x2b0 ./Core/Src/Throughput/throughput.o
 .debug_abbrev  0x00000000000002b0      0x17b ./Core/Src/dma.o
 .debug_abbrev  0x000000000000042b      0x14e ./Core/Src/gpio.o
 .debug_abbrev  0x0000000000000579      0x1ec ./Core/Src/main.o
 .debug_abbrev  0x0000000000000765      0x11d ./Core/Src/stm32f4xx_hal_msp.o
 .debug_abbrev  0x0000000000000882      0x163 ./Core/Src/stm32f4xx_it.o
 .debug_abbrev  0x00000000000009e5      0x145 ./Core/Src/system_stm32f4xx.o
 .debug_abbrev  0x0000000000000b2a       0x12 ./Core/Startup/startup_stm32f446retx.o
 .debug_abbrev  0x0000000000000b3c      0x1ed ./Drivers/STM32F4xx_HAL_Driver/Src/stm32f4xx_hal.o
 .debug_abbrev  0x0000000000000d29      0x33c ./Drivers/STM32F4xx_HAL_Driver/Src/stm32f4xx_hal_cortex.o
 .debug_abbrev  0x0000000000001065      0x259 ./Drivers/STM32F4xx_HAL_Driver/Src/stm32f4xx_hal_dma.o
 .debug_abbrev  0x00000000000012be      0x1f1 ./Drivers/STM32F4xx_HAL_Driver/Src/stm32f4xx_hal_gpio.o
 .debug_abbrev  0x00000000000014af      0x1bc ./Drivers/STM32F4xx_HAL_Driver/Src/stm32f4xx_hal_pwr_ex.o
 .debug_abbrev  0x000000000000166b      0x275 ./Drivers/STM32F4xx_HAL_Driver/Src/stm32f4xx_hal_rcc.o
 .debug_abbrev  0x00000000000018e0      0x1fe ./Drivers/STM32F4xx_HAL_Driver/Src/stm32f4xx_hal_rcc_ex.o

.debug_aranges  0x0000000000000000      0x5f8
 .debug_aranges
                0x0000000000000000       0x58 ./Core/Src/Throughput/throughput.o
 .debug_aranges
                0x0000000000000058       0x20 ./Core/Src/dma.o
 .debug_aranges
                0x0000000000000078       0x20 ./Core/Src/gpio.o
 .debug_aranges
                0x0000000000000098       0x38 ./Core/Src/main.o
 .debug_aranges
                0x00000000000000d0       0x20 ./Core/Src/stm32f4xx_hal_msp.o
 .debug_aranges
                0x00000000000000f0       0x68 ./Core/Src/stm32f4xx_it.o
 .debug_aranges
                0x0000000000000158       0x28 ./Core/Src/system_stm32f4xx.o
 .debug_aranges
                0x0000000000000180       0x28 ./Core/Startup/startup_stm32f446retx.o
 .debug_aranges
                0x00000000000001a8       0xf0 ./Drivers/STM32F4xx_HAL_Driver/Src/stm32f4xx_hal.o
 .debug_aranges
                0x0000000000000298      0x118 ./Drivers/STM32F4xx_HAL_Driver/Src/stm32f4xx_hal_cortex.o
 .debug_aranges
                0x00000000000003b0       0x90 ./Drivers/STM32F4xx_HAL_Driver/Src/stm32f4xx_hal_dma.o
 .debug_aranges
                0x0000000000000440       0x58 ./Drivers/STM32F4xx_HAL_Driver/Src/stm32f4xx_hal_gpio.o
 .debug_aranges
                0x0000000000000498       0x60 ./Drivers/STM32F4xx_HAL_Driver/Src/stm32f4xx_hal_pwr_ex.o
 .debug_aranges
                0x00000000000004f8       0x88 ./Drivers/STM32F4xx_HAL_Driver/Src/stm32f4xx_hal_rcc.o
 .debug_aranges
                0x0000000000000580       0x78 ./Drivers/STM32F4xx_HAL_Driver/Src/stm32f4xx_hal_rcc_ex.o

.debug_ranges   0x0000000000000000      0x510
 .debug_ranges  0x0000000000000000       0x48 ./Core/Src/Throughput/throughput.o
 .debug_ranges  0x0000000000000048       0x10 ./Core/Src/dma.o
 .debug_ranges  0x0000000000000058       0x10 ./Core/Src/gpio.o
 .debug_ranges  0x0000000000000068       0x28 ./Core/Src/main.o
 .debug_ranges  0x0000000000000090       0x10 ./Core/Src/stm32f4xx_hal_msp.o
 .debug_ranges  0x00000000000000a0       0x58 ./Core/Src/stm32f4xx_it.o
 .debug_ranges  0x00000000000000f8       0x18 ./Core/Src/system_stm32f4xx.o
 .debug_ranges  0x0000000000000110       0x20 ./Core/Startup/startup_stm32f446retx.o
 .debug_ranges  0x0000000000000130       0xe0 ./Drivers/STM32F4xx_HAL_Driver/Src/stm32f4xx_hal.o
 .debug_ranges  0x0000000000000210      0x108 ./Drivers/STM32F4xx_HAL_Driver/Src/stm32f4xx_hal_cortex.o
 .debug_ranges  0x0000000000000318       0x80 ./Drivers/STM32F4xx_HAL_Driver/Src/stm32f4xx_hal_dma.o
 .debug_ranges  0x0000000000000398       0x48 ./Drivers/STM32F4xx_HAL_Driver/Src/stm32f4xx_hal_gpio.o
 .debug_ranges  0x00000000000003e0       0x50 ./Drivers/STM32F4xx_HAL_Driver/Src/stm32f4xx_hal_pwr_ex.o
 .debug_ranges  0x0000000000000430       0x78 ./Drivers/STM32F4xx_HAL_Driver/Src/stm32f4xx_hal_rcc.o
 .debug_ranges  0x00000000000004a8       0x68 ./Drivers/STM32F4xx_HAL_Driver/Src/stm32f4xx_hal_rcc_ex.o

.debug_macro    0x0000000000000000    0x20df3
 .debug_macro   0x0000000000000000      0x2a7 ./Core/Src/Throughput/throughput.o
 .debug_macro   0x00000000000002a7      0xaa8 ./Core/Src/Throughput/throughput.o
 .debug_macro   0x0000000000000d4f      0x296 ./Core/Src/Throughput/throughput.o
 .debug_macro   0x0000000000000fe5       0x2e ./Core/Src/Throughput/throughput.o
 .debug_macro   0x0000000000001013       0x28 ./Core/Src/Throughput/throughput.o
 .debug_macro   0x000000000000103b       0x22 ./Core/Src/Throughput/throughput.o
 .debug_macro   0x000000000000105d       0x8e ./Core/Src/Throughput/throughput.o
 .debug_macro   0x00000000000010eb       0x51 ./Core/Src/Throughput/throughput.o
 .debug_macro   0x000000000000113c      0x103 ./Core/Src/Throughput/throughput.o
 .debug_macro   0x000000000000123f       0x6a ./Core/Src/Throughput/throughput.o
 .debug_macro   0x00000000000012a9      0x1df ./Core/Src/Throughput/throughput.o
 .debug_macro   0x0000000000001488       0x1c ./Core/Src/Throughput/throughput.o
 .debug_macro   0x00000000000014a4       0x22 ./Core/Src/Throughput/throughput.o
 .debug_macro   0x00000000000014c6       0xdf ./Core/Src/Throughput/throughput.o
 .debug_macro   0x00000000000015a5     0x102d ./Core/Src/Throughput/throughput.o
 .debug_macro   0x00000000000025d2      0x11f ./Core/Src/Throughput/throughput.o
 .debug_macro   0x00000000000026f1    0x16749 ./Core/Src/Throughput/throughput.o
 .debug_macro   0x0000000000018e3a       0x6d ./Core/Src/Throughput/throughput.o
 .debug_macro   0x0000000000018ea7     0x3666 ./Core/Src/Throughput/throughput.o
 .debug_macro   0x000000000001c50d      0x174 ./Core/Src/Throughput/throughput.o
 .debug_macro   0x000000000001c681       0x5c ./Core/Src/Throughput/throughput.o
 .debug_macro   0x000000000001c6dd      0xc90 ./Core/Src/Throughput/throughput.o
 .debug_macro   0x000000000001d36d      0x9fe ./Core/Src/Throughput/throughput.o
 .debug_macro   0x000000000001dd6b      0x116 ./Core/Src/Throughput/throughput.o
 .debug_macro   0x000000000001de81      0x1a0 ./Core/Src/Throughput/throughput.o
 .debug_macro   0x000000000001e021       0xa5 ./Core/Src/Throughput/throughput.o
 .debug_macro   0x000000000001e0c6      0x16d ./Core/Src/Throughput/throughput.o
 .debug_macro   0x000000000001e233      0x287 ./Core/Src/Throughput/throughput.o
 .debug_macro   0x000000000001e4ba       0x5f ./Core/Src/Throughput/throughput.o
 .debug_macro   0x000000000001e519      0x236 ./Core/Src/Throughput/throughput.o
 .debug_macro   0x000000000001e74f      0x132 ./Core/Src/Throughput/throughput.o
 .debug_macro   0x000000000001e881      0x29c ./Core/Src/Throughput/throughput.o
 .debug_macro   0x000000000001eb1d       0x2e ./Core/Src/Throughput/throughput.o
 .debug_macro   0x000000000001eb4b      0x11a ./Core/Src/Throughput/throughput.o
 .debug_macro   0x000000000001ec65       0xe8 ./Core/Src/Throughput/throughput.o
 .debug_macro   0x000000000001ed4d       0x89 ./Core/Src/Throughput/throughput.o
 .debug_macro   0x000000000001edd6      0x126 ./Core/Src/Throughput/throughput.o
 .debug_macro   0x000000000001eefc       0x5e ./Core/Src/Throughput/throughput.o
 .debug_macro   0x000000000001ef5a       0x52 ./Core/Src/Throughput/throughput.o
 .debug_macro   0x000000000001efac       0x18 ./Core/Src/Throughput/throughput.o
 .debug_macro   0x000000000001efc4       0x3c ./Core/Src/Throughput/throughput.o
 .debug_macro   0x000000000001f000       0x34 ./Core/Src/Throughput/throughput.o
 .debug_macro   0x000000000001f034       0x16 ./Core/Src/Throughput/throughput.o
 .debug_macro   0x000000000001f04a       0x43 ./Core/Src/Throughput/throughput.o
 .debug_macro   0x000000000001f08d       0x34 ./Core/Src/Throughput/throughput.o
 .debug_macro   0x000000000001f0c1       0x10 ./Core/Src/Throughput/throughput.o
 .debug_macro   0x000000000001f0d1       0x58 ./Core/Src/Throughput/throughput.o
 .debug_macro   0x000000000001f129       0x71 ./Core/Src/Throughput/throughput.o
 .debug_macro   0x000000000001f19a       0x1c ./Core/Src/Throughput/throughput.o
 .debug_macro   0x000000000001f1b6      0x12a ./Core/Src/Throughput/throughput.o
 .debug_macro   0x000000000001f2e0      0x333 ./Core/Src/Throughput/throughput.o
 .debug_macro   0x000000000001f613       0x10 ./Core/Src/Throughput/throughput.o
 .debug_macro   0x000000000001f623       0x35 ./Core/Src/Throughput/throughput.o
 .debug_macro   0x000000000001f658       0x20 ./Core/Src/Throughput/throughput.o
 .debug_macro   0x000000000001f678      0x1c9 ./Core/Src/dma.o
 .debug_macro   0x000000000001f841       0x58 ./Core/Src/dma.o
 .debug_macro   0x000000000001f899      0x1c9 ./Core/Src/gpio.o
 .debug_macro   0x000000000001fa62      0x1e1 ./Core/Src/main.o
 .debug_macro   0x000000000001fc43      0x1bf ./Core/Src/stm32f4xx_hal_msp.o
 .debug_macro   0x000000000001fe02      0x1c9 ./Core/Src/stm32f4xx_it.o
 .debug_macro   0x000000000001ffcb      0x1b0 ./Core/Src/system_stm32f4xx.o
 .debug_macro   0x000000000002017b      0x210 ./Drivers/STM32F4xx_HAL_Driver/Src/stm32f4xx_hal.o
 .debug_macro   0x000000000002038b      0x1b0 ./Drivers/STM32F4xx_HAL_Driver/Src/stm32f4xx_hal_cortex.o
 .debug_macro   0x000000000002053b      0x1b6 ./Drivers/STM32F4xx_HAL_Driver/Src/stm32f4xx_hal_dma.o
 .debug_macro   0x00000000000206f1      0x1b6 ./Drivers/STM32F4xx_HAL_Driver/Src/stm32f4xx_hal_gpio.o
 .debug_macro   0x00000000000208a7      0x1c8 ./Drivers/STM32F4xx_HAL_Driver/Src/stm32f4xx_hal_pwr_ex.o
 .debug_macro   0x0000000000020a6f      0x1d4 ./Drivers/STM32F4xx_HAL_Driver/Src/stm32f4xx_hal_rcc.o
 .debug_macro   0x0000000000020c43      0x1b0 ./Drivers/STM32F4xx_HAL_Driver/Src/stm32f4xx_hal_rcc_ex.o

.debug_line     0x0000000000000000     0x9689
 .debug_line    0x0000000000000000      0x95b ./Core/Src/Throughput/throughput.o
 .debug_line    0x000000000000095b      0x6a7 ./Core/Src/dma.o
 .debug_line    0x0000000000001002      0x6a7 ./Core/Src/gpio.o
 .debug_line    0x00000000000016a9      0x746 ./Core/Src/main.o
 .debug_line    0x0000000000001def      0x67e ./Core/Src/stm32f4xx_hal_msp.o
 .debug_line    0x000000000000246d      0x758 ./Core/Src/stm32f4xx_it.o
 .debug_line    0x0000000000002bc5      0x6ff ./Core/Src/system_stm32f4xx.o
 .debug_line    0x00000000000032c4       0x88 ./Core/Startup/startup_stm32f446retx.o
 .debug_line    0x000000000000334c      0x979 ./Drivers/STM32F4xx_HAL_Driver/Src/stm32f4xx_hal.o
 .debug_line    0x0000000000003cc5      0xdd9 ./Drivers/STM32F4xx_HAL_Driver/Src/stm32f4xx_hal_cortex.o
 .debug_line    0x0000000000004a9e     0x1088 ./Drivers/STM32F4xx_HAL_Driver/Src/stm32f4xx_hal_dma.o
 .debug_line    0x0000000000005b26      0xce9 ./Drivers/STM32F4xx_HAL_Driver/Src/stm32f4xx_hal_gpio.o
 .debug_line    0x000000000000680f      0x8c0 ./Drivers/STM32F4xx_HAL_Driver/Src/stm32f4xx_hal_pwr_ex.o
 .debug_line    0x00000000000070cf      0xecf ./Drivers/STM32F4xx_HAL_Driver/Src/stm32f4xx_hal_rcc.o
 .debug_line    0x0000000000007f9e     0x16eb ./Drivers/STM32F4xx_HAL_Driver/Src/stm32f4xx_hal_rcc_ex.o

.debug_str      0x0000000000000000    0xc5594
 .debug_str     0x0000000000000000    0xc37dd ./Core/Src/Throughput/throughput.o
                                      0xc3b41 (size before relaxing)
 .debug_str     0x00000000000c37dd      0x625 ./Core/Src/dma.o
                                      0xc0ca7 (size before relaxing)
 .debug_str     0x00000000000c3e02       0xb0 ./Core/Src/gpio.o
                                      0xc058b (size before relaxing)
 .debug_str     0x00000000000c3eb2      0x16f ./Core/Src/main.o
                                      0xc0964 (size before relaxing)
 .debug_str     0x00000000000c4021       0x2c ./Core/Src/stm32f4xx_hal_msp.o
                                      0xc04ee (size before relaxing)
 .debug_str     0x00000000000c404d       0xd5 ./Core/Src/stm32f4xx_it.o
                                      0xc06d6 (size before relaxing)
 .debug_str     0x00000000000c4122       0xaf ./Core/Src/system_stm32f4xx.o
                                      0xc043a (size before relaxing)
 .debug_str     0x00000000000c41d1       0x36 ./Core/Startup/startup_stm32f446retx.o
                                         0x5f (size before relaxing)
 .debug_str     0x00000000000c4207      0x576 ./Drivers/STM32F4xx_HAL_Driver/Src/stm32f4xx_hal.o
                                      0xc0f5d (size before relaxing)
 .debug_str     0x00000000000c477d      0x39e ./Drivers/STM32F4xx_HAL_Driver/Src/stm32f4xx_hal_cortex.o
                                      0xc0d3b (size before relaxing)
 .debug_str     0x00000000000c4b1b      0x270 ./Drivers/STM32F4xx_HAL_Driver/Src/stm32f4xx_hal_dma.o
                                      0xc083f (size before relaxing)
 .debug_str     0x00000000000c4d8b      0x15f ./Drivers/STM32F4xx_HAL_Driver/Src/stm32f4xx_hal_gpio.o
                                      0xc05e1 (size before relaxing)
 .debug_str     0x00000000000c4eea      0x135 ./Drivers/STM32F4xx_HAL_Driver/Src/stm32f4xx_hal_pwr_ex.o
                                      0xc0632 (size before relaxing)
 .debug_str     0x00000000000c501f      0x259 ./Drivers/STM32F4xx_HAL_Driver/Src/stm32f4xx_hal_rcc.o
                                      0xc0841 (size before relaxing)
 .debug_str     0x00000000000c5278      0x31c ./Drivers/STM32F4xx_HAL_Driver/Src/stm32f4xx_hal_rcc_ex.o
                                      0xc089e (size before relaxing)

.comment        0x0000000000000000       0x53
 .comment       0x0000000000000000       0x53 ./Core/Src/Throughput/throughput.o
                                         0x54 (size before relaxing)
 .comment       0x0000000000000053       0x54 ./Core/Src/dma.o
 .comment       0x0000000000000053       0x54 ./Core/Src/gpio.o
 .comment       0x0000000000000053       0x54 ./Core/Src/main.o
 .comment       0x0000000000000053       0x54 ./Core/Src/stm32f4xx_hal_msp.o
 .comment       0x0000000000000053       0x54 ./Core/Src/stm32f4xx_it.o
 .comment       0x0000000000000053       0x54 ./Core/Src/system_stm32f4xx.o
 .comment       0x0000000000000053       0x54 ./Drivers/STM32F4xx_HAL_Driver/Src/stm32f4xx_hal.o
 .comment       0x0000000000000053       0x54 ./Drivers/STM32F4xx_HAL_Driver/Src/stm32f4xx_hal_cortex.o
 .comment       0x0000000000000053       0x54 ./Drivers/STM32F4xx_HAL_Driver/Src/stm32f4xx_hal_dma.o
 .comment       0x0000000000000053       0x54 ./Drivers/STM32F4xx_HAL_Driver/Src/stm32f4xx_hal_gpio.o
 .comment       0x0000000000000053       0x54 ./Drivers/STM32F4xx_HAL_Driver/Src/stm32f4xx_hal_pwr_ex.o
 .comment       0x0000000000000053       0x54 ./Drivers/STM32F4xx_HAL_Driver/Src/stm32f4xx_hal_rcc.o
 .comment       0x0000000000000053       0x54 ./Drivers/STM32F4xx_HAL_Driver/Src/stm32f4xx_hal_rcc_ex.o

.debug_frame    0x0000000000000000     0x157c
 .debug_frame   0x0000000000000000      0x124 ./Core/Src/Throughput/throughput.o
 .debug_frame   0x0000000000000124       0x34 ./Core/Src/dma.o
 .debug_frame   0x0000000000000158       0x34 ./Core/Src/gpio.o
 .debug_frame   0x000000000000018c       0x90 ./Core/Src/main.o
 .debug_frame   0x000000000000021c       0x34 ./Core/Src/stm32f4xx_hal_msp.o
 .debug_frame   0x0000000000000250      0x120 ./Core/Src/stm32f4xx_it.o
 .debug_frame   0x0000000000000370       0x58 ./Core/Src/system_stm32f4xx.o
 .debug_frame   0x00000000000003c8      0x374 ./Drivers/STM32F4xx_HAL_Driver/Src/stm32f4xx_hal.o
 .debug_frame   0x000000000000073c      0x494 ./Drivers/STM32F4xx_HAL_Driver/Src/stm32f4xx_hal_cortex.o
 .debug_frame   0x0000000000000bd0      0x254 ./Drivers/STM32F4xx_HAL_Driver/Src/stm32f4xx_hal_dma.o
 .debug_frame   0x0000000000000e24      0x138 ./Drivers/STM32F4xx_HAL_Driver/Src/stm32f4xx_hal_gpio.o
 .debug_frame   0x0000000000000f5c      0x148 ./Drivers/STM32F4xx_HAL_Driver/Src/stm32f4xx_hal_pwr_ex.o
 .debug_frame   0x00000000000010a4      0x1f4 ./Drivers/STM32F4xx_HAL_Driver/Src/stm32f4xx_hal_rcc.o
 .debug_frame   0x0000000000001298      0x1e4 ./Drivers/STM32F4xx_HAL_Driver/Src/stm32f4xx_hal_rcc_ex.o
 .debug_frame   0x000000000000147c       0x2c c:/st/stm32cubeide_1.8.0/stm32cubeide/plugins/com.st.stm32cube.ide.mcu.externaltools.gnu-tools-for-stm32.9-2020-q2-update.win32_2.0.0.202105311346/tools/bin/../lib/gcc/arm-none-eabi/9.3.1/../../../../arm-none-eabi/lib/thumb/v7e-m+fp/hard\libc_nano.a(lib_a-init.o)
 .debug_frame   0x00000000000014a8       0x2c c:/st/stm32cubeide_1.8.0/stm32cubeide/plugins/com.st.stm32cube.ide.mcu.externaltools.gnu-tools-for-stm32.9-2020-q2-update.win32_2.0.0.202105311346/tools/bin/../lib/gcc/arm-none-eabi/9.3.1/../../../../arm-none-eabi/lib/thumb/v7e-m+fp/hard\libc_nano.a(lib_a-memcmp.o)
 .debug_frame   0x00000000000014d4       0x28 c:/st/stm32cubeide_1.8.0/stm32cubeide/plugins/com.st.stm32cube.ide.mcu.externaltools.gnu-tools-for-stm32.9-2020-q2-update.win32_2.0.0.202105311346/tools/bin/../lib/gcc/arm-none-eabi/9.3.1/../../../../arm-none-eabi/lib/thumb/v7e-m+fp/hard\libc_nano.a(lib_a-memcpy-stub.o)
 .debug_frame   0x00000000000014fc       0x20 c:/st/stm32cubeide_1.8.0/stm32cubeide/plugins/com.st.stm32cube.ide.mcu.externaltools.gnu-tools-for-stm32.9-2020-q2-update.win32_2.0.0.202105311346/tools/bin/../lib/gcc/arm-none-eabi/9.3.1/../../../../arm-none-eabi/lib/thumb/v7e-m+fp/hard\libc_nano.a(lib_a-memset.o)
 .debug_frame   0x000000000000151c       0x2c c:/st/stm32cubeide_1.8.0/stm32cubeide/plugins/com.st.stm32cube.ide.mcu.externaltools.gnu-tools-for-stm32.9-2020-q2-update.win32_2.0.0.202105311346/tools/bin/../lib/gcc/arm-none-eabi/9.3.1/thumb/v7e-m+fp/hard\libgcc.a(_aeabi_uldivmod.o)
 .debug_frame   0x0000000000001548       0x34 c:/st/stm32cubeide_1.8.0/stm32cubeide/plugins/com.st.stm32cube.ide.mcu.externaltools.gnu-tools-for-stm32.9-2020-q2-update.win32_2.0.0.202105311346/tools/bin/../lib/gcc/arm-none-eabi/9.3.1/thumb/v7e-m+fp/hard\libgcc.a(_udivmoddi4.o)
