tester_dma.c:20:6:TS_DMA_Init	8	static
tester_dma.c:26:6:TS_DMA_Transfer	24	static
tester_dma.c:33:6:TS_DMA_ResetFlags	4	static
tester_dma.c:39:6:TS_DMA_byte	8	static
tester_dma.c:47:6:TS_DMA_halfword	8	static
tester_dma.c:55:6:TS_DMA_word	8	static
tester_dma.c:63:6:TS_DMA_byte_fifo	8	static
tester_dma.c:74:6:TS_DMA_halfword_fifo	8	static
tester_dma.c:85:6:TS_DMA_word_fifo	8	static
tester_dma.c:96:6:TS_DMA_byte_fifo_inc4	8	static
tester_dma.c:107:6:TS_DMA_byte_fifo_inc8	8	static
tester_dma.c:118:6:TS_DMA_byte_fifo_inc16	8	static
tester_dma.c:129:6:TS_DMA_halfword_fifo_inc4	8	static
tester_dma.c:140:6:TS_DMA_halfword_fifo_inc8	8	static
tester_dma.c:151:6:TS_DMA_word_fifo_inc4	8	static
tester_dma.c:163:13:_TransferComplete	16	static
tester_dma.c:168:13:_TransferError	16	static
